<html>
<body>
<pre>
<h1>µVision Build Log</h1>
<h2>Tool Versions:</h2>
IDE-Version: £gVision V5.34.0.0
Copyright (C) 2021 ARM Ltd and ARM Germany GmbH. All rights reserved.
License Information: CHINGHSIANG TSUI, NYCU, LIC=----
 
Tool Versions:
Toolchain:       MDK-Lite  Version: 5.34.0.0
Toolchain Path:  C:\Keil_v5\ARM\ARMCC\Bin
C Compiler:      Armcc.exe V5.06 update 7 (build 960)
Assembler:       Armasm.exe V5.06 update 7 (build 960)
Linker/Locator:  ArmLink.exe V5.06 update 7 (build 960)
Library Manager: ArmAr.exe V5.06 update 7 (build 960)
Hex Converter:   FromElf.exe V5.06 update 7 (build 960)
CPU DLL:         SARMCM3.DLL V5.34.0.0
Dialog DLL:      DCM.DLL V1.17.3.0
Target DLL:      STLink\ST-LINKIII-KEIL_SWO.dll V3.0.8.0
Dialog DLL:      TCM.DLL V1.48.0.0
 
<h2>Project:</h2>
D:\GitHub\MCUProject\BLE_USART_LCD\MDK-ARM\BLE_USART_LCD.uvprojx
Project File Date:  06/16/2023

<h2>Output:</h2>
*** Using Compiler 'V5.06 update 7 (build 960)', folder: 'C:\Keil_v5\ARM\ARMCC\Bin'
Build target 'project'
compiling main.c...
../Inc/main.h(65): warning:  #1295-D: Deprecated declaration Key1Callback - give arg types
  void Key1Callback();
../Inc/main.h(66): warning:  #1295-D: Deprecated declaration Key2Callback - give arg types
  void Key2Callback();
../Inc/main.h(67): warning:  #1295-D: Deprecated declaration Key3Callback - give arg types
  void Key3Callback();
../Inc/main.h(68): warning:  #1295-D: Deprecated declaration Key4Callback - give arg types
  void Key4Callback();
../Src/main.c(113): warning:  #1295-D: Deprecated declaration MX_GPIO_Init - give arg types
  void MX_GPIO_Init();
../Src/main.c(114): warning:  #1295-D: Deprecated declaration LCD_Show - give arg types
  void LCD_Show();
../Src/main.c(200): warning:  #177-D: variable "buf"  was declared but never referenced
  	uint8_t buf[128];
../Src/main.c(290): warning:  #188-D: enumerated type mixed with another type
    HAL_GPIO_WritePin(GPIOE, GPIO_PIN_5, 1);
../Src/main.c(291): warning:  #188-D: enumerated type mixed with another type
    HAL_GPIO_WritePin(GPIOF, GPIO_PIN_6, 1);
../Src/main.c(296): warning:  #188-D: enumerated type mixed with another type
    HAL_GPIO_WritePin(GPIOE, GPIO_PIN_5, 0);
../Src/main.c(297): warning:  #188-D: enumerated type mixed with another type
    HAL_GPIO_WritePin(GPIOF, GPIO_PIN_6, 0);
../Src/main.c(403): warning:  #188-D: enumerated type mixed with another type
    HAL_GPIO_WritePin(GPIOE, GPIO_PIN_5, 1);
../Src/main.c(404): warning:  #188-D: enumerated type mixed with another type
    HAL_GPIO_WritePin(GPIOF, GPIO_PIN_6, 1);
../Src/main.c(415): warning:  #167-D: argument of type "char *" is incompatible with parameter of type "uint8_t *"
      GUI_Text(o_x, o_y + offset * i, str[i], Yellow, Black);
../Src/main.c: 14 warnings, 0 errors
linking...
Program Size: Code=29896 RO-data=2256 RW-data=544 ZI-data=1688  
FromELF: creating hex file...
"LED_Test\LED_Test.axf" - 0 Error(s), 14 Warning(s).

<h2>Software Packages used:</h2>

Package Vendor: ARM
                http://www.keil.com/pack/ARM.CMSIS.5.7.0.pack
                ARM.CMSIS.5.7.0
                CMSIS (Cortex Microcontroller Software Interface Standard)
   * Component: CORE Version: 5.4.0

Package Vendor: Keil
                https://www.keil.com/pack/Keil.STM32H7xx_DFP.3.1.0.pack
                Keil.STM32H7xx_DFP.3.1.0
                STMicroelectronics STM32H7 Series Device Support and Examples

<h2>Collection of Component include folders:</h2>
  .\RTE\_project
  C:\Users\user\AppData\Local\Arm\Packs\ARM\CMSIS\5.7.0\CMSIS\Core\Include
  C:\Users\user\AppData\Local\Arm\Packs\Keil\STM32H7xx_DFP\3.1.0\Drivers\CMSIS\Device\ST\STM32H7xx\Include

<h2>Collection of Component Files used:</h2>

   * Component: ARM::CMSIS:CORE:5.4.0
Build Time Elapsed:  00:00:08
</pre>
</body>
</html>
