Component: ARM Compiler 5.06 update 7 (build 960) Tool: armlink [4d3601]

==============================================================================

Section Cross References

    startup_stm32h743xx.o(RESET) refers to startup_stm32h743xx.o(STACK) for __initial_sp
    startup_stm32h743xx.o(RESET) refers to startup_stm32h743xx.o(.text) for Reset_Handler
    startup_stm32h743xx.o(RESET) refers to stm32h7xx_it.o(i.NMI_Handler) for NMI_Handler
    startup_stm32h743xx.o(RESET) refers to stm32h7xx_it.o(i.HardFault_Handler) for HardFault_Handler
    startup_stm32h743xx.o(RESET) refers to stm32h7xx_it.o(i.MemManage_Handler) for MemManage_Handler
    startup_stm32h743xx.o(RESET) refers to stm32h7xx_it.o(i.BusFault_Handler) for BusFault_Handler
    startup_stm32h743xx.o(RESET) refers to stm32h7xx_it.o(i.UsageFault_Handler) for UsageFault_Handler
    startup_stm32h743xx.o(RESET) refers to stm32h7xx_it.o(i.SVC_Handler) for SVC_Handler
    startup_stm32h743xx.o(RESET) refers to stm32h7xx_it.o(i.DebugMon_Handler) for DebugMon_Handler
    startup_stm32h743xx.o(RESET) refers to stm32h7xx_it.o(i.PendSV_Handler) for PendSV_Handler
    startup_stm32h743xx.o(RESET) refers to stm32h7xx_it.o(i.SysTick_Handler) for SysTick_Handler
    startup_stm32h743xx.o(RESET) refers to stm32h7xx_it.o(i.EXTI0_IRQHandler) for EXTI0_IRQHandler
    startup_stm32h743xx.o(RESET) refers to stm32h7xx_it.o(i.EXTI2_IRQHandler) for EXTI2_IRQHandler
    startup_stm32h743xx.o(RESET) refers to stm32h7xx_it.o(i.EXTI3_IRQHandler) for EXTI3_IRQHandler
    startup_stm32h743xx.o(RESET) refers to stm32h7xx_it.o(i.EXTI4_IRQHandler) for EXTI4_IRQHandler
    startup_stm32h743xx.o(RESET) refers to stm32h7xx_it.o(i.USART1_IRQHandler) for USART1_IRQHandler
    startup_stm32h743xx.o(RESET) refers to stm32h7xx_it.o(i.USART3_IRQHandler) for USART3_IRQHandler
    startup_stm32h743xx.o(RESET) refers to stm32h7xx_it.o(i.RTC_Alarm_IRQHandler) for RTC_Alarm_IRQHandler
    startup_stm32h743xx.o(RESET) refers to stm32h7xx_it.o(i.TIM6_DAC_IRQHandler) for TIM6_DAC_IRQHandler
    startup_stm32h743xx.o(.text) refers to system_stm32h7xx.o(i.SystemInit) for SystemInit
    startup_stm32h743xx.o(.text) refers to entry.o(.ARM.Collect$$$$00000000) for __main
    main.o(i.HAL_RTCEx_AlarmBEventCallback) refers to stm32h7xx_hal_gpio.o(i.HAL_GPIO_WritePin) for HAL_GPIO_WritePin
    main.o(i.HAL_RTC_AlarmAEventCallback) refers to stm32h7xx_hal_gpio.o(i.HAL_GPIO_WritePin) for HAL_GPIO_WritePin
    main.o(i.HAL_UART_RxCpltCallback) refers to printfa.o(i.__0sprintf) for __2sprintf
    main.o(i.HAL_UART_RxCpltCallback) refers to printfa.o(i.__0printf) for __2printf
    main.o(i.HAL_UART_RxCpltCallback) refers to strcmp.o(.text) for strcmp
    main.o(i.HAL_UART_RxCpltCallback) refers to strlen.o(.text) for strlen
    main.o(i.HAL_UART_RxCpltCallback) refers to memseta.o(.text) for __aeabi_memclr4
    main.o(i.HAL_UART_RxCpltCallback) refers to stm32h7xx_hal_uart.o(i.HAL_UART_Receive_IT) for HAL_UART_Receive_IT
    main.o(i.HAL_UART_RxCpltCallback) refers to main.o(.data) for .data
    main.o(i.HAL_UART_RxCpltCallback) refers to main.o(.bss) for .bss
    main.o(i.HAL_UART_RxCpltCallback) refers to usart.o(.bss) for huart1
    main.o(i.Key1Callback) refers to main.o(i.ModifyBrightness) for ModifyBrightness
    main.o(i.Key1Callback) refers to main.o(.data) for .data
    main.o(i.Key2Callback) refers to main.o(i.ModifyBrightness) for ModifyBrightness
    main.o(i.Key2Callback) refers to main.o(.data) for .data
    main.o(i.Key3Callback) refers to main.o(i.NVIC_SystemReset) for NVIC_SystemReset
    main.o(i.Key3Callback) refers to strlen.o(.text) for strlen
    main.o(i.Key3Callback) refers to memmovea.o(.text) for __aeabi_memmove
    main.o(i.Key3Callback) refers to main.o(i.LCD_Show) for LCD_Show
    main.o(i.Key3Callback) refers to main.o(.data) for .data
    main.o(i.Key4Callback) refers to strlen.o(.text) for strlen
    main.o(i.Key4Callback) refers to main.o(i.LCD_Show) for LCD_Show
    main.o(i.Key4Callback) refers to main.o(i.NVIC_SystemReset) for NVIC_SystemReset
    main.o(i.Key4Callback) refers to main.o(.data) for .data
    main.o(i.LCD_Show) refers to lcd.o(i.LCD_Clear) for LCD_Clear
    main.o(i.LCD_Show) refers to lcd.o(i.GUI_Text) for GUI_Text
    main.o(i.LCD_Show) refers to main.o(.data) for .data
    main.o(i.MPU_Config) refers to stm32h7xx_hal_cortex.o(i.HAL_MPU_ConfigRegion) for HAL_MPU_ConfigRegion
    main.o(i.MX_GPIO_Init) refers to stm32h7xx_hal_gpio.o(i.HAL_GPIO_Init) for HAL_GPIO_Init
    main.o(i.MX_GPIO_Init) refers to stm32h7xx_hal_gpio.o(i.HAL_GPIO_WritePin) for HAL_GPIO_WritePin
    main.o(i.MX_Set_Alarm) refers to stm32h7xx_hal_rtc.o(i.HAL_RTC_SetAlarm_IT) for HAL_RTC_SetAlarm_IT
    main.o(i.MX_Set_Alarm) refers to stm32h7xx_hal_cortex.o(i.HAL_NVIC_SetPriority) for HAL_NVIC_SetPriority
    main.o(i.MX_Set_Alarm) refers to stm32h7xx_hal_cortex.o(i.HAL_NVIC_EnableIRQ) for HAL_NVIC_EnableIRQ
    main.o(i.MX_Set_Alarm) refers to main.o(.bss) for .bss
[...]
    i.HAL_RCC_GetPCLK2Freq                   0x0800221c   Section        0  stm32h7xx_hal_rcc.o(i.HAL_RCC_GetPCLK2Freq)
    i.HAL_RCC_GetSysClockFreq                0x08002248   Section        0  stm32h7xx_hal_rcc.o(i.HAL_RCC_GetSysClockFreq)
    i.HAL_RCC_OscConfig                      0x0800233c   Section        0  stm32h7xx_hal_rcc.o(i.HAL_RCC_OscConfig)
    i.HAL_RTCEx_AlarmBEventCallback          0x080027d4   Section        0  main.o(i.HAL_RTCEx_AlarmBEventCallback)
    i.HAL_RTC_AlarmAEventCallback            0x080027f8   Section        0  main.o(i.HAL_RTC_AlarmAEventCallback)
    i.HAL_RTC_AlarmIRQHandler                0x0800281c   Section        0  stm32h7xx_hal_rtc.o(i.HAL_RTC_AlarmIRQHandler)
    i.HAL_RTC_Init                           0x08002874   Section        0  stm32h7xx_hal_rtc.o(i.HAL_RTC_Init)
    i.HAL_RTC_MspInit                        0x0800291c   Section        0  rtc.o(i.HAL_RTC_MspInit)
    i.HAL_RTC_SetAlarm_IT                    0x08002938   Section        0  stm32h7xx_hal_rtc.o(i.HAL_RTC_SetAlarm_IT)
    i.HAL_RTC_SetDate                        0x08002ad4   Section        0  stm32h7xx_hal_rtc.o(i.HAL_RTC_SetDate)
    i.HAL_RTC_SetTime                        0x08002bac   Section        0  stm32h7xx_hal_rtc.o(i.HAL_RTC_SetTime)
    i.HAL_RTC_WaitForSynchro                 0x08002ca4   Section        0  stm32h7xx_hal_rtc.o(i.HAL_RTC_WaitForSynchro)
    i.HAL_SRAM_Init                          0x08002cd8   Section        0  stm32h7xx_hal_sram.o(i.HAL_SRAM_Init)
    i.HAL_SRAM_MspInit                       0x08002d3c   Section        0  stm32h7xx_hal_sram.o(i.HAL_SRAM_MspInit)
    i.HAL_SYSTICK_CLKSourceConfig            0x08002d3e   Section        0  stm32h7xx_hal_cortex.o(i.HAL_SYSTICK_CLKSourceConfig)
    i.HAL_SYSTICK_Config                     0x08002d56   Section        0  stm32h7xx_hal_cortex.o(i.HAL_SYSTICK_Config)
    i.HAL_TIMEx_BreakCallback                0x08002d7e   Section        0  stm32h7xx_hal_tim_ex.o(i.HAL_TIMEx_BreakCallback)
    i.HAL_TIMEx_CommutationCallback          0x08002d80   Section        0  stm32h7xx_hal_tim_ex.o(i.HAL_TIMEx_CommutationCallback)
    i.HAL_TIMEx_MasterConfigSynchronization  0x08002d84   Section        0  stm32h7xx_hal_tim_ex.o(i.HAL_TIMEx_MasterConfigSynchronization)
    i.HAL_TIM_Base_Init                      0x08002ddc   Section        0  stm32h7xx_hal_tim.o(i.HAL_TIM_Base_Init)
    i.HAL_TIM_Base_MspInit                   0x08002e12   Section        0  stm32h7xx_hal_tim.o(i.HAL_TIM_Base_MspInit)
    i.HAL_TIM_Base_Start_IT                  0x08002e14   Section        0  stm32h7xx_hal_tim.o(i.HAL_TIM_Base_Start_IT)
    i.HAL_TIM_IC_CaptureCallback             0x08002e2c   Section        0  stm32h7xx_hal_tim.o(i.HAL_TIM_IC_CaptureCallback)
    i.HAL_TIM_IRQHandler                     0x08002e2e   Section        0  stm32h7xx_hal_tim.o(i.HAL_TIM_IRQHandler)
    i.HAL_TIM_MspPostInit                    0x08002fb0   Section        0  tim.o(i.HAL_TIM_MspPostInit)
    i.HAL_TIM_OC_DelayElapsedCallback        0x08003000   Section        0  stm32h7xx_hal_tim.o(i.HAL_TIM_OC_DelayElapsedCallback)
    i.HAL_TIM_PWM_ConfigChannel              0x08003002   Section        0  stm32h7xx_hal_tim.o(i.HAL_TIM_PWM_ConfigChannel)
    i.HAL_TIM_PWM_Init                       0x0800312a   Section        0  stm32h7xx_hal_tim.o(i.HAL_TIM_PWM_Init)
    i.HAL_TIM_PWM_MspInit                    0x08003160   Section        0  tim.o(i.HAL_TIM_PWM_MspInit)
    i.HAL_TIM_PWM_PulseFinishedCallback      0x08003188   Section        0  stm32h7xx_hal_tim.o(i.HAL_TIM_PWM_PulseFinishedCallback)
    i.HAL_TIM_PWM_Start                      0x0800318c   Section        0  stm32h7xx_hal_tim.o(i.HAL_TIM_PWM_Start)
    i.HAL_TIM_PeriodElapsedCallback          0x080031e4   Section        0  bsp_basic_tim.o(i.HAL_TIM_PeriodElapsedCallback)
    i.HAL_TIM_TriggerCallback                0x08003218   Section        0  stm32h7xx_hal_tim.o(i.HAL_TIM_TriggerCallback)
    i.HAL_UARTEx_WakeupCallback              0x0800321a   Section        0  stm32h7xx_hal_uart_ex.o(i.HAL_UARTEx_WakeupCallback)
    i.HAL_UART_ErrorCallback                 0x0800321c   Section        0  stm32h7xx_hal_uart.o(i.HAL_UART_ErrorCallback)
    i.HAL_UART_IRQHandler                    0x08003220   Section        0  stm32h7xx_hal_uart.o(i.HAL_UART_IRQHandler)
    i.HAL_UART_Init                          0x080033a0   Section        0  stm32h7xx_hal_uart.o(i.HAL_UART_Init)
    i.HAL_UART_MspInit                       0x0800340c   Section        0  usart.o(i.HAL_UART_MspInit)
    i.HAL_UART_Receive_IT                    0x08003504   Section        0  stm32h7xx_hal_uart.o(i.HAL_UART_Receive_IT)
    i.HAL_UART_RxCpltCallback                0x080035ac   Section        0  main.o(i.HAL_UART_RxCpltCallback)
    i.HAL_UART_Transmit                      0x0800373c   Section        0  stm32h7xx_hal_uart.o(i.HAL_UART_Transmit)
    i.HAL_UART_TxCpltCallback                0x080037ee   Section        0  stm32h7xx_hal_uart.o(i.HAL_UART_TxCpltCallback)
    i.HardFault_Handler                      0x080037f0   Section        0  stm32h7xx_it.o(i.HardFault_Handler)
    i.I2C_EE_Init                            0x080037f2   Section        0  i2c.o(i.I2C_EE_Init)
    i.I2C_Flush_TXDR                         0x08003800   Section        0  stm32h7xx_hal_i2c.o(i.I2C_Flush_TXDR)
    I2C_Flush_TXDR                           0x08003801   Thumb Code    34  stm32h7xx_hal_i2c.o(i.I2C_Flush_TXDR)
    i.I2C_GPIO_Config                        0x08003824   Section        0  i2c.o(i.I2C_GPIO_Config)
    I2C_GPIO_Config                          0x08003825   Thumb Code   124  i2c.o(i.I2C_GPIO_Config)
    i.I2C_IsAcknowledgeFailed                0x080038a8   Section        0  stm32h7xx_hal_i2c.o(i.I2C_IsAcknowledgeFailed)
    I2C_IsAcknowledgeFailed                  0x080038a9   Thumb Code   120  stm32h7xx_hal_i2c.o(i.I2C_IsAcknowledgeFailed)
    i.I2C_Mode_Config                        0x08003924   Section        0  i2c.o(i.I2C_Mode_Config)
    I2C_Mode_Config                          0x08003925   Thumb Code    46  i2c.o(i.I2C_Mode_Config)
    i.I2C_Read                               0x08003960   Section        0  i2c.o(i.I2C_Read)
    i.I2C_RequestMemoryRead                  0x08003980   Section        0  stm32h7xx_hal_i2c.o(i.I2C_RequestMemoryRead)
    I2C_RequestMemoryRead                    0x08003981   Thumb Code   108  stm32h7xx_hal_i2c.o(i.I2C_RequestMemoryRead)
    i.I2C_RequestMemoryWrite                 0x080039f0   Section        0  stm32h7xx_hal_i2c.o(i.I2C_RequestMemoryWrite)
    I2C_RequestMemoryWrite                   0x080039f1   Thumb Code   108  stm32h7xx_hal_i2c.o(i.I2C_RequestMemoryWrite)
    i.I2C_TransferConfig                     0x08003a60   Section        0  stm32h7xx_hal_i2c.o(i.I2C_TransferConfig)
    I2C_TransferConfig                       0x08003a61   Thumb Code    40  stm32h7xx_hal_i2c.o(i.I2C_TransferConfig)
    i.I2C_WaitOnFlagUntilTimeout             0x08003a8c   Section        0  stm32h7xx_hal_i2c.o(i.I2C_WaitOnFlagUntilTimeout)
    I2C_WaitOnFlagUntilTimeout               0x08003a8d   Thumb Code    82  stm32h7xx_hal_i2c.o(i.I2C_WaitOnFlagUntilTimeout)
    i.I2C_WaitOnSTOPFlagUntilTimeout         0x08003ade   Section        0  stm32h7xx_hal_i2c.o(i.I2C_WaitOnSTOPFlagUntilTimeout)
    I2C_WaitOnSTOPFlagUntilTimeout           0x08003adf   Thumb Code    80  stm32h7xx_hal_i2c.o(i.I2C_WaitOnSTOPFlagUntilTimeout)
    i.I2C_WaitOnTXISFlagUntilTimeout         0x08003b2e   Section        0  stm32h7xx_hal_i2c.o(i.I2C_WaitOnTXISFlagUntilTimeout)
    I2C_WaitOnTXISFlagUntilTimeout           0x08003b2f   Thumb Code    84  stm32h7xx_hal_i2c.o(i.I2C_WaitOnTXISFlagUntilTimeout)
    i.I2C_Write                              0x08003b84   Section        0  i2c.o(i.I2C_Write)
    i.Key1Callback                           0x08003bbc   Section        0  main.o(i.Key1Callback)
    i.Key2Callback                           0x08003bd8   Section        0  main.o(i.Key2Callback)
    i.Key3Callback                           0x08003bf4   Section        0  main.o(i.Key3Callback)
    i.Key4Callback                           0x08003c48   Section        0  main.o(i.Key4Callback)
    i.LCD_Clear                              0x08003c88   Section        0  lcd.o(i.LCD_Clear)
    i.LCD_CtrlLinesConfig                    0x08003d2c   Section        0  lcd.o(i.LCD_CtrlLinesConfig)
    LCD_CtrlLinesConfig                      0x08003d2d   Thumb Code   178  lcd.o(i.LCD_CtrlLinesConfig)
    i.LCD_FSMCConfig                         0x08003df4   Section        0  lcd.o(i.LCD_FSMCConfig)
    LCD_FSMCConfig                           0x08003df5   Thumb Code   104  lcd.o(i.LCD_FSMCConfig)
    i.LCD_Initializtion                      0x08003e68   Section        0  lcd.o(i.LCD_Initializtion)
    i.LCD_ReadReg                            0x0800561c   Section        0  lcd.o(i.LCD_ReadReg)
    i.LCD_Scan_Dir                           0x0800562c   Section        0  lcd.o(i.LCD_Scan_Dir)
    i.LCD_SetCursor                          0x08005680   Section        0  lcd.o(i.LCD_SetCursor)
    LCD_SetCursor                            0x08005681   Thumb Code   102  lcd.o(i.LCD_SetCursor)
    i.LCD_SetPoint                           0x080056ec   Section        0  lcd.o(i.LCD_SetPoint)
    i.LCD_Show                               0x08005740   Section        0  main.o(i.LCD_Show)
    i.LCD_WriteReg                           0x08005784   Section        0  lcd.o(i.LCD_WriteReg)
    i.MPU_Config                             0x08005794   Section        0  main.o(i.MPU_Config)
    i.MX_GPIO_Init                           0x080057fc   Section        0  main.o(i.MX_GPIO_Init)
    i.MX_RTC_Init                            0x0800587c   Section        0  rtc.o(i.MX_RTC_Init)
    i.MX_Set_Alarm                           0x08005948   Section        0  main.o(i.MX_Set_Alarm)
    i.MX_TIM3_Init                           0x080059b0   Section        0  tim.o(i.MX_TIM3_Init)
    i.MX_USART1_UART_Init                    0x08005a54   Section        0  usart.o(i.MX_USART1_UART_Init)
    i.MX_USART3_UART_Init                    0x08005aac   Section        0  usart.o(i.MX_USART3_UART_Init)
    i.MemManage_Handler                      0x08005b04   Section        0  stm32h7xx_it.o(i.MemManage_Handler)
    i.ModifyBrightness                       0x08005b08   Section        0  main.o(i.ModifyBrightness)
    i.NMI_Handler                            0x08005b34   Section        0  stm32h7xx_it.o(i.NMI_Handler)
    i.NVIC_SystemReset                       0x08005b38   Section        0  main.o(i.NVIC_SystemReset)
    NVIC_SystemReset                         0x08005b39   Thumb Code    26  main.o(i.NVIC_SystemReset)
    i.PendSV_Handler                         0x08005b5c   Section        0  stm32h7xx_it.o(i.PendSV_Handler)
    i.PutChar                                0x08005b5e   Section        0  lcd.o(i.PutChar)
    i.RCCEx_PLL2_Config                      0x08005bb0   Section        0  stm32h7xx_hal_rcc_ex.o(i.RCCEx_PLL2_Config)
    RCCEx_PLL2_Config                        0x08005bb1   Thumb Code   196  stm32h7xx_hal_rcc_ex.o(i.RCCEx_PLL2_Config)
    i.RCCEx_PLL3_Config                      0x08005c78   Section        0  stm32h7xx_hal_rcc_ex.o(i.RCCEx_PLL3_Config)
    RCCEx_PLL3_Config                        0x08005c79   Thumb Code   196  stm32h7xx_hal_rcc_ex.o(i.RCCEx_PLL3_Config)
    i.RTC_Alarm_IRQHandler                   0x08005d40   Section        0  stm32h7xx_it.o(i.RTC_Alarm_IRQHandler)
    i.RTC_Bcd2ToByte                         0x08005d5c   Section        0  stm32h7xx_hal_rtc.o(i.RTC_Bcd2ToByte)
    i.RTC_ByteToBcd2                         0x08005d6e   Section        0  stm32h7xx_hal_rtc.o(i.RTC_ByteToBcd2)
    i.RTC_EnterInitMode                      0x08005d84   Section        0  stm32h7xx_hal_rtc.o(i.RTC_EnterInitMode)
    i.SVC_Handler                            0x08005dbc   Section        0  stm32h7xx_it.o(i.SVC_Handler)
    i.SysTick_Handler                        0x08005dbe   Section        0  stm32h7xx_it.o(i.SysTick_Handler)
    i.SystemClock_Config                     0x08005dc4   Section        0  main.o(i.SystemClock_Config)
    i.SystemInit                             0x08005e90   Section        0  system_stm32h7xx.o(i.SystemInit)
    i.TIM6_DAC_IRQHandler                    0x08005f14   Section        0  stm32h7xx_it.o(i.TIM6_DAC_IRQHandler)
    i.TIM_Base_SetConfig                     0x08005f20   Section        0  stm32h7xx_hal_tim.o(i.TIM_Base_SetConfig)
    i.TIM_Basic_Init                         0x08005fe0   Section        0  bsp_basic_tim.o(i.TIM_Basic_Init)
    i.TIM_CCxChannelCmd                      0x08006030   Section        0  stm32h7xx_hal_tim.o(i.TIM_CCxChannelCmd)
    i.TIM_OC1_SetConfig                      0x08006048   Section        0  stm32h7xx_hal_tim.o(i.TIM_OC1_SetConfig)
    i.TIM_OC2_SetConfig                      0x080060e4   Section        0  stm32h7xx_hal_tim.o(i.TIM_OC2_SetConfig)
    i.TIM_OC3_SetConfig                      0x08006174   Section        0  stm32h7xx_hal_tim.o(i.TIM_OC3_SetConfig)
    i.TIM_OC4_SetConfig                      0x080061fc   Section        0  stm32h7xx_hal_tim.o(i.TIM_OC4_SetConfig)
    i.TIM_OC5_SetConfig                      0x08006268   Section        0  stm32h7xx_hal_tim.o(i.TIM_OC5_SetConfig)
    TIM_OC5_SetConfig                        0x08006269   Thumb Code    86  stm32h7xx_hal_tim.o(i.TIM_OC5_SetConfig)
    i.TIM_OC6_SetConfig                      0x080062d4   Section        0  stm32h7xx_hal_tim.o(i.TIM_OC6_SetConfig)
    TIM_OC6_SetConfig                        0x080062d5   Thumb Code    88  stm32h7xx_hal_tim.o(i.TIM_OC6_SetConfig)
    i.UART_AdvFeatureConfig                  0x08006340   Section        0  stm32h7xx_hal_uart.o(i.UART_AdvFeatureConfig)
    i.UART_CheckIdleState                    0x08006408   Section        0  stm32h7xx_hal_uart.o(i.UART_CheckIdleState)
    i.UART_DMAAbortOnError                   0x08006464   Section        0  stm32h7xx_hal_uart.o(i.UART_DMAAbortOnError)
    UART_DMAAbortOnError                     0x08006465   Thumb Code    20  stm32h7xx_hal_uart.o(i.UART_DMAAbortOnError)
    i.UART_EndRxTransfer                     0x08006478   Section        0  stm32h7xx_hal_uart.o(i.UART_EndRxTransfer)
    UART_EndRxTransfer                       0x08006479   Thumb Code    28  stm32h7xx_hal_uart.o(i.UART_EndRxTransfer)
    i.UART_Receive_IT                        0x08006494   Section        0  stm32h7xx_hal_uart.o(i.UART_Receive_IT)
    UART_Receive_IT                          0x08006495   Thumb Code   118  stm32h7xx_hal_uart.o(i.UART_Receive_IT)
    i.UART_SetConfig                         0x0800650c   Section        0  stm32h7xx_hal_uart.o(i.UART_SetConfig)
    i.UART_Transmit_IT                       0x080069b4   Section        0  stm32h7xx_hal_uart.o(i.UART_Transmit_IT)
    UART_Transmit_IT                         0x080069b5   Thumb Code   116  stm32h7xx_hal_uart.o(i.UART_Transmit_IT)
    i.UART_WaitOnFlagUntilTimeout            0x08006a28   Section        0  stm32h7xx_hal_uart.o(i.UART_WaitOnFlagUntilTimeout)
    i.USART1_IRQHandler                      0x08006a8c   Section        0  stm32h7xx_it.o(i.USART1_IRQHandler)
    i.USART3_IRQHandler                      0x08006ab8   Section        0  stm32h7xx_it.o(i.USART3_IRQHandler)
    i.UsageFault_Handler                     0x08006ae4   Section        0  stm32h7xx_it.o(i.UsageFault_Handler)
    i._Error_Handler                         0x08006ae6   Section        0  main.o(i._Error_Handler)
    i.__0printf                              0x08006ae8   Section        0  printfa.o(i.__0printf)
    i.__0sprintf                             0x08006b08   Section        0  printfa.o(i.__0sprintf)
    i.__NVIC_SetPriority                     0x08006b30   Section        0  stm32h7xx_hal_cortex.o(i.__NVIC_SetPriority)
    __NVIC_SetPriority                       0x08006b31   Thumb Code    32  stm32h7xx_hal_cortex.o(i.__NVIC_SetPriority)
    i.__scatterload_copy                     0x08006b50   Section       14  handlers.o(i.__scatterload_copy)
    i.__scatterload_null                     0x08006b5e   Section        2  handlers.o(i.__scatterload_null)
    i.__scatterload_zeroinit                 0x08006b60   Section       14  handlers.o(i.__scatterload_zeroinit)
    i._fp_digits                             0x08006b70   Section        0  printfa.o(i._fp_digits)
    _fp_digits                               0x08006b71   Thumb Code   366  printfa.o(i._fp_digits)
    i._printf_core                           0x08006cf4   Section        0  printfa.o(i._printf_core)
    _printf_core                             0x08006cf5   Thumb Code  1704  printfa.o(i._printf_core)
    i._printf_post_padding                   0x080073a8   Section        0  printfa.o(i._printf_post_padding)
    _printf_post_padding                     0x080073a9   Thumb Code    36  printfa.o(i._printf_post_padding)
    i._printf_pre_padding                    0x080073cc   Section        0  printfa.o(i._printf_pre_padding)
    _printf_pre_padding                      0x080073cd   Thumb Code    46  printfa.o(i._printf_pre_padding)
    i._sputc                                 0x080073fa   Section        0  printfa.o(i._sputc)
    _sputc                                   0x080073fb   Thumb Code    10  printfa.o(i._sputc)
    i.fputc                                  0x08007404   Section        0  usart.o(i.fputc)
    i.initISL29023                           0x0800741c   Section        0  main.o(i.initISL29023)
    i.main                                   0x08007448   Section        0  main.o(i.main)
    i.readtemp                               0x08007734   Section        0  main.o(i.readtemp)
    .constdata                               0x08007760   Section     1520  asciilib.o(.constdata)
    AsciiLib                                 0x08007760   Data        1520  asciilib.o(.constdata)
    .constdata                               0x08007d50   Section       24  stm32h7xx_hal_uart.o(.constdata)
    UARTPrescTable                           0x08007d50   Data          24  stm32h7xx_hal_uart.o(.constdata)
    .constdata                               0x08007d68   Section       16  system_stm32h7xx.o(.constdata)
    .data                                    0x24000000   Section      511  main.o(.data)
    .data                                    0x24000200   Section        4  lcd.o(.data)
    LCD_Code                                 0x24000200   Data           1  lcd.o(.data)
    .data                                    0x24000204   Section        2  bsp_basic_tim.o(.data)
    b                                        0x24000204   Data           2  bsp_basic_tim.o(.data)
    .data                                    0x24000208   Section       12  stm32h7xx_hal.o(.data)
    uwTickFreq                               0x24000208   Data           1  stm32h7xx_hal.o(.data)
    uwTickPrio                               0x2400020c   Data           4  stm32h7xx_hal.o(.data)
    uwTick                                   0x24000210   Data           4  stm32h7xx_hal.o(.data)
    .data                                    0x24000214   Section        4  system_stm32h7xx.o(.data)
    .data                                    0x24000218   Section        4  system_stm32h7xx.o(.data)
    .data                                    0x2400021c   Section        4  stdout.o(.data)
    .bss                                     0x24000220   Section       92  main.o(.bss)
    .bss                                     0x2400027c   Section       76  lcd.o(.bss)
    .bss                                     0x240002c8   Section       64  tim.o(.bss)
    .bss                                     0x24000308   Section       76  i2c.o(.bss)
    .bss                                     0x24000354   Section      256  usart.o(.bss)
    .bss                                     0x24000454   Section       64  bsp_basic_tim.o(.bss)
    .bss                                     0x24000494   Section       36  rtc.o(.bss)
    STACK                                    0x240004b8   Section     1024  startup_stm32h743xx.o(STACK)

    Global Symbols

    Symbol Name                              Value     Ov Type        Size  Object(Section)

    BuildAttributes$$THM_ISAv4$E$P$D$K$B$S$7EM$VFPv5_D16$PE$PLD8$A:L22UL41UL21$X:L11$S22US41US21$IEEE1$IW$USESV6$~STKCKD$USESV7$~SHL$OSPACE$ROPI$EBA8$MICROLIB$REQ8$PRES8$EABIv2 0x00000000   Number         0  anon$$obj.o ABSOLUTE
    __ARM_use_no_argv                        0x00000000   Number         0  main.o ABSOLUTE
    _printf_a                                0x00000000   Number         0  stubs.o ABSOLUTE
    _printf_c                                0x00000000   Number         0  stubs.o ABSOLUTE
    _printf_charcount                        0x00000000   Number         0  stubs.o ABSOLUTE
    _printf_d                                0x00000000   Number         0  stubs.o ABSOLUTE
    _printf_e                                0x00000000   Number         0  stubs.o ABSOLUTE
    _printf_f                                0x00000000   Number         0  stubs.o ABSOLUTE
    _printf_flags                            0x00000000   Number         0  stubs.o ABSOLUTE
    _printf_fp_dec                           0x00000000   Number         0  stubs.o ABSOLUTE
    _printf_fp_hex                           0x00000000   Number         0  stubs.o ABSOLUTE
    _printf_g                                0x00000000   Number         0  stubs.o ABSOLUTE
    _printf_i                                0x00000000   Number         0  stubs.o ABSOLUTE
    _printf_int_dec                          0x00000000   Number         0  stubs.o ABSOLUTE
    _printf_l                                0x00000000   Number         0  stubs.o ABSOLUTE
    _printf_lc                               0x00000000   Number         0  stubs.o ABSOLUTE
    _printf_ll                               0x00000000   Number         0  stubs.o ABSOLUTE
    _printf_lld                              0x00000000   Number         0  stubs.o ABSOLUTE
    _printf_lli                              0x00000000   Number         0  stubs.o ABSOLUTE
    _printf_llo                              0x00000000   Number         0  stubs.o ABSOLUTE
    _printf_llu                              0x00000000   Number         0  stubs.o ABSOLUTE
    _printf_llx                              0x00000000   Number         0  stubs.o ABSOLUTE
    _printf_longlong_dec                     0x00000000   Number         0  stubs.o ABSOLUTE
    _printf_longlong_hex                     0x00000000   Number         0  stubs.o ABSOLUTE
    _printf_longlong_oct                     0x00000000   Number         0  stubs.o ABSOLUTE
    _printf_ls                               0x00000000   Number         0  stubs.o ABSOLUTE
    _printf_mbtowc                           0x00000000   Number         0  stubs.o ABSOLUTE
    _printf_n                                0x00000000   Number         0  stubs.o ABSOLUTE
    _printf_o                                0x00000000   Number         0  stubs.o ABSOLUTE
    _printf_p                                0x00000000   Number         0  stubs.o ABSOLUTE
    _printf_percent                          0x00000000   Number         0  stubs.o ABSOLUTE
    _printf_pre_padding                      0x00000000   Number         0  stubs.o ABSOLUTE
    _printf_return_value                     0x00000000   Number         0  stubs.o ABSOLUTE
    _printf_s                                0x00000000   Number         0  stubs.o ABSOLUTE
    _printf_sizespec                         0x00000000   Number         0  stubs.o ABSOLUTE
    _printf_str                              0x00000000   Number         0  stubs.o ABSOLUTE
    _printf_truncate_signed                  0x00000000   Number         0  stubs.o ABSOLUTE
    _printf_truncate_unsigned                0x00000000   Number         0  stubs.o ABSOLUTE
    _printf_u                                0x00000000   Number         0  stubs.o ABSOLUTE
    _printf_wc                               0x00000000   Number         0  stubs.o ABSOLUTE
    _printf_wctomb                           0x00000000   Number         0  stubs.o ABSOLUTE
    _printf_widthprec                        0x00000000   Number         0  stubs.o ABSOLUTE
    _printf_x                                0x00000000   Number         0  stubs.o ABSOLUTE
    __arm_fini_                               - Undefined Weak Reference
    __cpp_initialize__aeabi_                  - Undefined Weak Reference
    __cxa_finalize                            - Undefined Weak Reference
    _clock_init                               - Undefined Weak Reference
    _microlib_exit                            - Undefined Weak Reference
    __Vectors_Size                           0x00000298   Number         0  startup_stm32h743xx.o ABSOLUTE
    __Vectors                                0x08000000   Data           4  startup_stm32h743xx.o(RESET)
    __Vectors_End                            0x08000298   Data           0  startup_stm32h743xx.o(RESET)
    __main                                   0x08000299   Thumb Code     0  entry.o(.ARM.Collect$$$$00000000)
    _main_stk                                0x08000299   Thumb Code     0  entry2.o(.ARM.Collect$$$$00000001)
    _main_scatterload                        0x0800029d   Thumb Code     0  entry5.o(.ARM.Collect$$$$00000004)
    __main_after_scatterload                 0x080002a1   Thumb Code     0  entry5.o(.ARM.Collect$$$$00000004)
    _main_clock                              0x080002a1   Thumb Code     0  entry7b.o(.ARM.Collect$$$$00000008)
    _main_cpp_init                           0x080002a1   Thumb Code     0  entry8b.o(.ARM.Collect$$$$0000000A)
    _main_init                               0x080002a1   Thumb Code     0  entry9a.o(.ARM.Collect$$$$0000000B)
    __rt_lib_shutdown_fini                   0x080002a9   Thumb Code     0  entry12b.o(.ARM.Collect$$$$0000000E)
    __rt_final_cpp                           0x080002ad   Thumb Code     0  entry10a.o(.ARM.Collect$$$$0000000F)
    __rt_final_exit                          0x080002ad   Thumb Code     0  entry11a.o(.ARM.Collect$$$$00000011)
    Reset_Handler                            0x080002b1   Thumb Code     8  startup_stm32h743xx.o(.text)
    ADC3_IRQHandler                          0x080002cb   Thumb Code     0  startup_stm32h743xx.o(.text)
    ADC_IRQHandler                           0x080002cb   Thumb Code     0  startup_stm32h743xx.o(.text)
    BDMA_Channel0_IRQHandler                 0x080002cb   Thumb Code     0  startup_stm32h743xx.o(.text)
    BDMA_Channel1_IRQHandler                 0x080002cb   Thumb Code     0  startup_stm32h743xx.o(.text)
    BDMA_Channel2_IRQHandler                 0x080002cb   Thumb Code     0  startup_stm32h743xx.o(.text)
    BDMA_Channel3_IRQHandler                 0x080002cb   Thumb Code     0  startup_stm32h743xx.o(.text)
    BDMA_Channel4_IRQHandler                 0x080002cb   Thumb Code     0  startup_stm32h743xx.o(.text)
    BDMA_Channel5_IRQHandler                 0x080002cb   Thumb Code     0  startup_stm32h743xx.o(.text)
    BDMA_Channel6_IRQHandler                 0x080002cb   Thumb Code     0  startup_stm32h743xx.o(.text)
    BDMA_Channel7_IRQHandler                 0x080002cb   Thumb Code     0  startup_stm32h743xx.o(.text)
    CEC_IRQHandler                           0x080002cb   Thumb Code     0  startup_stm32h743xx.o(.text)
    COMP1_IRQHandler                         0x080002cb   Thumb Code     0  startup_stm32h743xx.o(.text)
    CRS_IRQHandler                           0x080002cb   Thumb Code     0  startup_stm32h743xx.o(.text)
    DCMI_IRQHandler                          0x080002cb   Thumb Code     0  startup_stm32h743xx.o(.text)
    DFSDM1_FLT0_IRQHandler                   0x080002cb   Thumb Code     0  startup_stm32h743xx.o(.text)
    DFSDM1_FLT1_IRQHandler                   0x080002cb   Thumb Code     0  startup_stm32h743xx.o(.text)
    DFSDM1_FLT2_IRQHandler                   0x080002cb   Thumb Code     0  startup_stm32h743xx.o(.text)
    DFSDM1_FLT3_IRQHandler                   0x080002cb   Thumb Code     0  startup_stm32h743xx.o(.text)
    DMA1_Stream0_IRQHandler                  0x080002cb   Thumb Code     0  startup_stm32h743xx.o(.text)
    DMA1_Stream1_IRQHandler                  0x080002cb   Thumb Code     0  startup_stm32h743xx.o(.text)
    DMA1_Stream2_IRQHandler                  0x080002cb   Thumb Code     0  startup_stm32h743xx.o(.text)
    DMA1_Stream3_IRQHandler                  0x080002cb   Thumb Code     0  startup_stm32h743xx.o(.text)
    DMA1_Stream4_IRQHandler                  0x080002cb   Thumb Code     0  startup_stm32h743xx.o(.text)
    DMA1_Stream5_IRQHandler                  0x080002cb   Thumb Code     0  startup_stm32h743xx.o(.text)
    DMA1_Stream6_IRQHandler                  0x080002cb   Thumb Code     0  startup_stm32h743xx.o(.text)
    DMA1_Stream7_IRQHandler                  0x080002cb   Thumb Code     0  startup_stm32h743xx.o(.text)
    DMA2D_IRQHandler                         0x080002cb   Thumb Code     0  startup_stm32h743xx.o(.text)
    DMA2_Stream0_IRQHandler                  0x080002cb   Thumb Code     0  startup_stm32h743xx.o(.text)
    DMA2_Stream1_IRQHandler                  0x080002cb   Thumb Code     0  startup_stm32h743xx.o(.text)
    DMA2_Stream2_IRQHandler                  0x080002cb   Thumb Code     0  startup_stm32h743xx.o(.text)
    DMA2_Stream3_IRQHandler                  0x080002cb   Thumb Code     0  startup_stm32h743xx.o(.text)
    DMA2_Stream4_IRQHandler                  0x080002cb   Thumb Code     0  startup_stm32h743xx.o(.text)
    DMA2_Stream5_IRQHandler                  0x080002cb   Thumb Code     0  startup_stm32h743xx.o(.text)
    DMA2_Stream6_IRQHandler                  0x080002cb   Thumb Code     0  startup_stm32h743xx.o(.text)
    DMA2_Stream7_IRQHandler                  0x080002cb   Thumb Code     0  startup_stm32h743xx.o(.text)
    DMAMUX1_OVR_IRQHandler                   0x080002cb   Thumb Code     0  startup_stm32h743xx.o(.text)
    DMAMUX2_OVR_IRQHandler                   0x080002cb   Thumb Code     0  startup_stm32h743xx.o(.text)
    ETH_IRQHandler                           0x080002cb   Thumb Code     0  startup_stm32h743xx.o(.text)
    ETH_WKUP_IRQHandler                      0x080002cb   Thumb Code     0  startup_stm32h743xx.o(.text)
    EXTI15_10_IRQHandler                     0x080002cb   Thumb Code     0  startup_stm32h743xx.o(.text)
    EXTI1_IRQHandler                         0x080002cb   Thumb Code     0  startup_stm32h743xx.o(.text)
    EXTI9_5_IRQHandler                       0x080002cb   Thumb Code     0  startup_stm32h743xx.o(.text)
    FDCAN1_IT0_IRQHandler                    0x080002cb   Thumb Code     0  startup_stm32h743xx.o(.text)
    FDCAN1_IT1_IRQHandler                    0x080002cb   Thumb Code     0  startup_stm32h743xx.o(.text)
    FDCAN2_IT0_IRQHandler                    0x080002cb   Thumb Code     0  startup_stm32h743xx.o(.text)
    FDCAN2_IT1_IRQHandler                    0x080002cb   Thumb Code     0  startup_stm32h743xx.o(.text)
    FDCAN_CAL_IRQHandler                     0x080002cb   Thumb Code     0  startup_stm32h743xx.o(.text)
    FLASH_IRQHandler                         0x080002cb   Thumb Code     0  startup_stm32h743xx.o(.text)
    FMC_IRQHandler                           0x080002cb   Thumb Code     0  startup_stm32h743xx.o(.text)
    FPU_IRQHandler                           0x080002cb   Thumb Code     0  startup_stm32h743xx.o(.text)
    HRTIM1_FLT_IRQHandler                    0x080002cb   Thumb Code     0  startup_stm32h743xx.o(.text)
    HRTIM1_Master_IRQHandler                 0x080002cb   Thumb Code     0  startup_stm32h743xx.o(.text)
    HRTIM1_TIMA_IRQHandler                   0x080002cb   Thumb Code     0  startup_stm32h743xx.o(.text)
    HRTIM1_TIMB_IRQHandler                   0x080002cb   Thumb Code     0  startup_stm32h743xx.o(.text)
    HRTIM1_TIMC_IRQHandler                   0x080002cb   Thumb Code     0  startup_stm32h743xx.o(.text)
    HRTIM1_TIMD_IRQHandler                   0x080002cb   Thumb Code     0  startup_stm32h743xx.o(.text)
    HRTIM1_TIME_IRQHandler                   0x080002cb   Thumb Code     0  startup_stm32h743xx.o(.text)
    HSEM1_IRQHandler                         0x080002cb   Thumb Code     0  startup_stm32h743xx.o(.text)
    I2C1_ER_IRQHandler                       0x080002cb   Thumb Code     0  startup_stm32h743xx.o(.text)
    I2C1_EV_IRQHandler                       0x080002cb   Thumb Code     0  startup_stm32h743xx.o(.text)
    I2C2_ER_IRQHandler                       0x080002cb   Thumb Code     0  startup_stm32h743xx.o(.text)
    I2C2_EV_IRQHandler                       0x080002cb   Thumb Code     0  startup_stm32h743xx.o(.text)
    I2C3_ER_IRQHandler                       0x080002cb   Thumb Code     0  startup_stm32h743xx.o(.text)
    I2C3_EV_IRQHandler                       0x080002cb   Thumb Code     0  startup_stm32h743xx.o(.text)
    I2C4_ER_IRQHandler                       0x080002cb   Thumb Code     0  startup_stm32h743xx.o(.text)
    I2C4_EV_IRQHandler                       0x080002cb   Thumb Code     0  startup_stm32h743xx.o(.text)
    JPEG_IRQHandler                          0x080002cb   Thumb Code     0  startup_stm32h743xx.o(.text)
    LPTIM1_IRQHandler                        0x080002cb   Thumb Code     0  startup_stm32h743xx.o(.text)
    LPTIM2_IRQHandler                        0x080002cb   Thumb Code     0  startup_stm32h743xx.o(.text)
    LPTIM3_IRQHandler                        0x080002cb   Thumb Code     0  startup_stm32h743xx.o(.text)
    LPTIM4_IRQHandler                        0x080002cb   Thumb Code     0  startup_stm32h743xx.o(.text)
    LPTIM5_IRQHandler                        0x080002cb   Thumb Code     0  startup_stm32h743xx.o(.text)
    LPUART1_IRQHandler                       0x080002cb   Thumb Code     0  startup_stm32h743xx.o(.text)
    LTDC_ER_IRQHandler                       0x080002cb   Thumb Code     0  startup_stm32h743xx.o(.text)
    LTDC_IRQHandler                          0x080002cb   Thumb Code     0  startup_stm32h743xx.o(.text)
    MDIOS_IRQHandler                         0x080002cb   Thumb Code     0  startup_stm32h743xx.o(.text)
    MDIOS_WKUP_IRQHandler                    0x080002cb   Thumb Code     0  startup_stm32h743xx.o(.text)
    MDMA_IRQHandler                          0x080002cb   Thumb Code     0  startup_stm32h743xx.o(.text)
    OTG_FS_EP1_IN_IRQHandler                 0x080002cb   Thumb Code     0  startup_stm32h743xx.o(.text)
    OTG_FS_EP1_OUT_IRQHandler                0x080002cb   Thumb Code     0  startup_stm32h743xx.o(.text)
    OTG_FS_IRQHandler                        0x080002cb   Thumb Code     0  startup_stm32h743xx.o(.text)
    OTG_FS_WKUP_IRQHandler                   0x080002cb   Thumb Code     0  startup_stm32h743xx.o(.text)
    OTG_HS_EP1_IN_IRQHandler                 0x080002cb   Thumb Code     0  startup_stm32h743xx.o(.text)
    OTG_HS_EP1_OUT_IRQHandler                0x080002cb   Thumb Code     0  startup_stm32h743xx.o(.text)
    OTG_HS_IRQHandler                        0x080002cb   Thumb Code     0  startup_stm32h743xx.o(.text)
    OTG_HS_WKUP_IRQHandler                   0x080002cb   Thumb Code     0  startup_stm32h743xx.o(.text)
    PVD_AVD_IRQHandler                       0x080002cb   Thumb Code     0  startup_stm32h743xx.o(.text)
    QUADSPI_IRQHandler                       0x080002cb   Thumb Code     0  startup_stm32h743xx.o(.text)
    RCC_IRQHandler                           0x080002cb   Thumb Code     0  startup_stm32h743xx.o(.text)
    RNG_IRQHandler                           0x080002cb   Thumb Code     0  startup_stm32h743xx.o(.text)
    RTC_WKUP_IRQHandler                      0x080002cb   Thumb Code     0  startup_stm32h743xx.o(.text)
    SAI1_IRQHandler                          0x080002cb   Thumb Code     0  startup_stm32h743xx.o(.text)
    SAI2_IRQHandler                          0x080002cb   Thumb Code     0  startup_stm32h743xx.o(.text)
    SAI3_IRQHandler                          0x080002cb   Thumb Code     0  startup_stm32h743xx.o(.text)
    SAI4_IRQHandler                          0x080002cb   Thumb Code     0  startup_stm32h743xx.o(.text)
    SDMMC1_IRQHandler                        0x080002cb   Thumb Code     0  startup_stm32h743xx.o(.text)
    SDMMC2_IRQHandler                        0x080002cb   Thumb Code     0  startup_stm32h743xx.o(.text)
    SPDIF_RX_IRQHandler                      0x080002cb   Thumb Code     0  startup_stm32h743xx.o(.text)
    SPI1_IRQHandler                          0x080002cb   Thumb Code     0  startup_stm32h743xx.o(.text)
    SPI2_IRQHandler                          0x080002cb   Thumb Code     0  startup_stm32h743xx.o(.text)
    SPI3_IRQHandler                          0x080002cb   Thumb Code     0  startup_stm32h743xx.o(.text)
    SPI4_IRQHandler                          0x080002cb   Thumb Code     0  startup_stm32h743xx.o(.text)
    SPI5_IRQHandler                          0x080002cb   Thumb Code     0  startup_stm32h743xx.o(.text)
    SPI6_IRQHandler                          0x080002cb   Thumb Code     0  startup_stm32h743xx.o(.text)
    SWPMI1_IRQHandler                        0x080002cb   Thumb Code     0  startup_stm32h743xx.o(.text)
    TAMP_STAMP_IRQHandler                    0x080002cb   Thumb Code     0  startup_stm32h743xx.o(.text)
    TIM15_IRQHandler                         0x080002cb   Thumb Code     0  startup_stm32h743xx.o(.text)
    TIM16_IRQHandler                         0x080002cb   Thumb Code     0  startup_stm32h743xx.o(.text)
    TIM17_IRQHandler                         0x080002cb   Thumb Code     0  startup_stm32h743xx.o(.text)
    TIM1_BRK_IRQHandler                      0x080002cb   Thumb Code     0  startup_stm32h743xx.o(.text)
    TIM1_CC_IRQHandler                       0x080002cb   Thumb Code     0  startup_stm32h743xx.o(.text)
    TIM1_TRG_COM_IRQHandler                  0x080002cb   Thumb Code     0  startup_stm32h743xx.o(.text)
    TIM1_UP_IRQHandler                       0x080002cb   Thumb Code     0  startup_stm32h743xx.o(.text)
    TIM2_IRQHandler                          0x080002cb   Thumb Code     0  startup_stm32h743xx.o(.text)
    TIM3_IRQHandler                          0x080002cb   Thumb Code     0  startup_stm32h743xx.o(.text)
    TIM4_IRQHandler                          0x080002cb   Thumb Code     0  startup_stm32h743xx.o(.text)
    TIM5_IRQHandler                          0x080002cb   Thumb Code     0  startup_stm32h743xx.o(.text)
    TIM7_IRQHandler                          0x080002cb   Thumb Code     0  startup_stm32h743xx.o(.text)
    TIM8_BRK_TIM12_IRQHandler                0x080002cb   Thumb Code     0  startup_stm32h743xx.o(.text)
    TIM8_CC_IRQHandler                       0x080002cb   Thumb Code     0  startup_stm32h743xx.o(.text)
    TIM8_TRG_COM_TIM14_IRQHandler            0x080002cb   Thumb Code     0  startup_stm32h743xx.o(.text)
    TIM8_UP_TIM13_IRQHandler                 0x080002cb   Thumb Code     0  startup_stm32h743xx.o(.text)
    UART4_IRQHandler                         0x080002cb   Thumb Code     0  startup_stm32h743xx.o(.text)
    UART5_IRQHandler                         0x080002cb   Thumb Code     0  startup_stm32h743xx.o(.text)
    UART7_IRQHandler                         0x080002cb   Thumb Code     0  startup_stm32h743xx.o(.text)
    UART8_IRQHandler                         0x080002cb   Thumb Code     0  startup_stm32h743xx.o(.text)
    USART2_IRQHandler                        0x080002cb   Thumb Code     0  startup_stm32h743xx.o(.text)
    USART6_IRQHandler                        0x080002cb   Thumb Code     0  startup_stm32h743xx.o(.text)
    WAKEUP_PIN_IRQHandler                    0x080002cb   Thumb Code     0  startup_stm32h743xx.o(.text)
    WWDG_IRQHandler                          0x080002cb   Thumb Code     0  startup_stm32h743xx.o(.text)
    __aeabi_uldivmod                         0x080002d5   Thumb Code    98  uldiv.o(.text)
    ___aeabi_memcpy4$move                    0x08000337   Thumb Code     0  memmovea.o(.text)
    ___aeabi_memcpy8$move                    0x08000337   Thumb Code     0  memmovea.o(.text)
    __aeabi_memcpy                           0x08000337   Thumb Code    64  memmovea.o(.text)
    __aeabi_memmove                          0x08000337   Thumb Code     0  memmovea.o(.text)
    __aeabi_memmove4                         0x08000337   Thumb Code     0  memmovea.o(.text)
    __aeabi_memmove8                         0x08000337   Thumb Code     0  memmovea.o(.text)
    __aeabi_memset                           0x08000377   Thumb Code    14  memseta.o(.text)
    __aeabi_memset4                          0x08000377   Thumb Code     0  memseta.o(.text)
    __aeabi_memset8                          0x08000377   Thumb Code     0  memseta.o(.text)
    __aeabi_memclr                           0x08000385   Thumb Code     4  memseta.o(.text)
    __aeabi_memclr4                          0x08000385   Thumb Code     0  memseta.o(.text)
    __aeabi_memclr8                          0x08000385   Thumb Code     0  memseta.o(.text)
    _memset$wrapper                          0x08000389   Thumb Code    18  memseta.o(.text)
    strlen                                   0x0800039b   Thumb Code    14  strlen.o(.text)
    strcmp                                   0x080003a9   Thumb Code    28  strcmp.o(.text)
    __aeabi_uidiv                            0x080003c5   Thumb Code     0  uidiv.o(.text)
    __aeabi_uidivmod                         0x080003c5   Thumb Code    44  uidiv.o(.text)
    __aeabi_llsl                             0x080003f1   Thumb Code    30  llshl.o(.text)
    _ll_shift_l                              0x080003f1   Thumb Code     0  llshl.o(.text)
    __aeabi_llsr                             0x0800040f   Thumb Code    32  llushr.o(.text)
    _ll_ushift_r                             0x0800040f   Thumb Code     0  llushr.o(.text)
    __I$use$fp                               0x0800042f   Thumb Code     0  iusefp.o(.text)
    __aeabi_dadd                             0x0800042f   Thumb Code   322  dadd.o(.text)
    __aeabi_dsub                             0x08000571   Thumb Code     6  dadd.o(.text)
    __aeabi_drsub                            0x08000577   Thumb Code     6  dadd.o(.text)
    __aeabi_dmul                             0x0800057d   Thumb Code   228  dmul.o(.text)
    __aeabi_ddiv                             0x08000661   Thumb Code   222  ddiv.o(.text)
    __aeabi_d2ulz                            0x0800073f   Thumb Code    48  dfixul.o(.text)
    __aeabi_cdrcmple                         0x08000771   Thumb Code    48  cdrcmple.o(.text)
    __scatterload                            0x080007a1   Thumb Code    28  init.o(.text)
    __scatterload_rt2                        0x080007a1   Thumb Code     0  init.o(.text)
    __aeabi_lasr                             0x080007c5   Thumb Code    36  llsshr.o(.text)
    _ll_sshift_r                             0x080007c5   Thumb Code     0  llsshr.o(.text)
    _double_round                            0x080007e9   Thumb Code    30  depilogue.o(.text)
    _double_epilogue                         0x08000807   Thumb Code   156  depilogue.o(.text)
    __decompress                             0x080008a3   Thumb Code     0  __dczerorl2.o(.text)
    __decompress1                            0x080008a3   Thumb Code    86  __dczerorl2.o(.text)
    BusFault_Handler                         0x080008f9   Thumb Code     2  stm32h7xx_it.o(i.BusFault_Handler)
    DebugMon_Handler                         0x080008fb   Thumb Code     2  stm32h7xx_it.o(i.DebugMon_Handler)
    EXTI0_IRQHandler                         0x080008fd   Thumb Code    26  stm32h7xx_it.o(i.EXTI0_IRQHandler)
    EXTI2_IRQHandler                         0x08000917   Thumb Code    26  stm32h7xx_it.o(i.EXTI2_IRQHandler)
    EXTI3_IRQHandler                         0x08000931   Thumb Code    26  stm32h7xx_it.o(i.EXTI3_IRQHandler)
    EXTI4_IRQHandler                         0x0800094b   Thumb Code    26  stm32h7xx_it.o(i.EXTI4_IRQHandler)
    EXTI_Key_Config                          0x08000965   Thumb Code   196  key.o(i.EXTI_Key_Config)
    FMC_NORSRAM_Extended_Timing_Init         0x08000a39   Thumb Code    60  stm32h7xx_ll_fmc.o(i.FMC_NORSRAM_Extended_Timing_Init)
    FMC_NORSRAM_Init                         0x08000a79   Thumb Code   116  stm32h7xx_ll_fmc.o(i.FMC_NORSRAM_Init)
    FMC_NORSRAM_Timing_Init                  0x08000af1   Thumb Code    86  stm32h7xx_ll_fmc.o(i.FMC_NORSRAM_Timing_Init)
    GUI_Text                                 0x08000b4d   Thumb Code    70  lcd.o(i.GUI_Text)
    GetASCIICode                             0x08000b95   Thumb Code    16  asciilib.o(i.GetASCIICode)
    HAL_DMA_Abort_IT                         0x08000ba9   Thumb Code   138  stm32h7xx_hal_dma.o(i.HAL_DMA_Abort_IT)
    HAL_Delay                                0x08000c3d   Thumb Code    32  stm32h7xx_hal.o(i.HAL_Delay)
    HAL_GPIO_Init                            0x08000c61   Thumb Code   438  stm32h7xx_hal_gpio.o(i.HAL_GPIO_Init)
    HAL_GPIO_WritePin                        0x08000e49   Thumb Code    10  stm32h7xx_hal_gpio.o(i.HAL_GPIO_WritePin)
    HAL_GetTick                              0x08000e55   Thumb Code     6  stm32h7xx_hal.o(i.HAL_GetTick)
    HAL_I2CEx_ConfigAnalogFilter             0x08000e61   Thumb Code    86  stm32h7xx_hal_i2c_ex.o(i.HAL_I2CEx_ConfigAnalogFilter)
    HAL_I2C_GetState                         0x08000eb7   Thumb Code     6  stm32h7xx_hal_i2c.o(i.HAL_I2C_GetState)
    HAL_I2C_Init                             0x08000ebd   Thumb Code   178  stm32h7xx_hal_i2c.o(i.HAL_I2C_Init)
    HAL_I2C_Mem_Read                         0x08000f75   Thumb Code   358  stm32h7xx_hal_i2c.o(i.HAL_I2C_Mem_Read)
    HAL_I2C_Mem_Write                        0x080010e5   Thumb Code   354  stm32h7xx_hal_i2c.o(i.HAL_I2C_Mem_Write)
    HAL_I2C_MspInit                          0x0800124d   Thumb Code     2  stm32h7xx_hal_i2c.o(i.HAL_I2C_MspInit)
    HAL_IncTick                              0x08001251   Thumb Code    12  stm32h7xx_hal.o(i.HAL_IncTick)
    HAL_Init                                 0x08001261   Thumb Code    28  stm32h7xx_hal.o(i.HAL_Init)
    HAL_InitTick                             0x0800127d   Thumb Code    54  stm32h7xx_hal.o(i.HAL_InitTick)
    HAL_MPU_ConfigRegion                     0x080012bd   Thumb Code    80  stm32h7xx_hal_cortex.o(i.HAL_MPU_ConfigRegion)
    HAL_MspInit                              0x08001311   Thumb Code   106  stm32h7xx_hal_msp.o(i.HAL_MspInit)
    HAL_NVIC_EnableIRQ                       0x08001381   Thumb Code    26  stm32h7xx_hal_cortex.o(i.HAL_NVIC_EnableIRQ)
    HAL_NVIC_SetPriority                     0x0800139d   Thumb Code    60  stm32h7xx_hal_cortex.o(i.HAL_NVIC_SetPriority)
    HAL_NVIC_SetPriorityGrouping             0x080013dd   Thumb Code    26  stm32h7xx_hal_cortex.o(i.HAL_NVIC_SetPriorityGrouping)
    HAL_RCCEx_GetD1SysClockFreq              0x08001401   Thumb Code    40  stm32h7xx_hal_rcc_ex.o(i.HAL_RCCEx_GetD1SysClockFreq)
    HAL_RCCEx_GetD3PCLK1Freq                 0x08001435   Thumb Code    34  stm32h7xx_hal_rcc_ex.o(i.HAL_RCCEx_GetD3PCLK1Freq)
    HAL_RCCEx_GetPLL2ClockFreq               0x08001461   Thumb Code   220  stm32h7xx_hal_rcc_ex.o(i.HAL_RCCEx_GetPLL2ClockFreq)
    HAL_RCCEx_GetPLL3ClockFreq               0x0800155d   Thumb Code   220  stm32h7xx_hal_rcc_ex.o(i.HAL_RCCEx_GetPLL3ClockFreq)
    HAL_RCCEx_PeriphCLKConfig                0x08001659   Thumb Code  2440  stm32h7xx_hal_rcc_ex.o(i.HAL_RCCEx_PeriphCLKConfig)
    HAL_RCC_ClockConfig                      0x08001fe5   Thumb Code   450  stm32h7xx_hal_rcc.o(i.HAL_RCC_ClockConfig)
    HAL_RCC_GetHCLKFreq                      0x080021bd   Thumb Code    38  stm32h7xx_hal_rcc.o(i.HAL_RCC_GetHCLKFreq)
    HAL_RCC_GetPCLK1Freq                     0x080021f1   Thumb Code    34  stm32h7xx_hal_rcc.o(i.HAL_RCC_GetPCLK1Freq)
    HAL_RCC_GetPCLK2Freq                     0x0800221d   Thumb Code    36  stm32h7xx_hal_rcc.o(i.HAL_RCC_GetPCLK2Freq)
    HAL_RCC_GetSysClockFreq                  0x08002249   Thumb Code   214  stm32h7xx_hal_rcc.o(i.HAL_RCC_GetSysClockFreq)
    HAL_RCC_OscConfig                        0x0800233d   Thumb Code  1176  stm32h7xx_hal_rcc.o(i.HAL_RCC_OscConfig)
    HAL_RTCEx_AlarmBEventCallback            0x080027d5   Thumb Code    26  main.o(i.HAL_RTCEx_AlarmBEventCallback)
    HAL_RTC_AlarmAEventCallback              0x080027f9   Thumb Code    26  main.o(i.HAL_RTC_AlarmAEventCallback)
    HAL_RTC_AlarmIRQHandler                  0x0800281d   Thumb Code    88  stm32h7xx_hal_rtc.o(i.HAL_RTC_AlarmIRQHandler)
    HAL_RTC_Init                             0x08002875   Thumb Code   164  stm32h7xx_hal_rtc.o(i.HAL_RTC_Init)
    HAL_RTC_MspInit                          0x0800291d   Thumb Code    20  rtc.o(i.HAL_RTC_MspInit)
    HAL_RTC_SetAlarm_IT                      0x08002939   Thumb Code   410  stm32h7xx_hal_rtc.o(i.HAL_RTC_SetAlarm_IT)
    HAL_RTC_SetDate                          0x08002ad5   Thumb Code   212  stm32h7xx_hal_rtc.o(i.HAL_RTC_SetDate)
    HAL_RTC_SetTime                          0x08002bad   Thumb Code   244  stm32h7xx_hal_rtc.o(i.HAL_RTC_SetTime)
    HAL_RTC_WaitForSynchro                   0x08002ca5   Thumb Code    52  stm32h7xx_hal_rtc.o(i.HAL_RTC_WaitForSynchro)
    HAL_SRAM_Init                            0x08002cd9   Thumb Code    96  stm32h7xx_hal_sram.o(i.HAL_SRAM_Init)
    HAL_SRAM_MspInit                         0x08002d3d   Thumb Code     2  stm32h7xx_hal_sram.o(i.HAL_SRAM_MspInit)
    HAL_SYSTICK_CLKSourceConfig              0x08002d3f   Thumb Code    24  stm32h7xx_hal_cortex.o(i.HAL_SYSTICK_CLKSourceConfig)
    HAL_SYSTICK_Config                       0x08002d57   Thumb Code    40  stm32h7xx_hal_cortex.o(i.HAL_SYSTICK_Config)
    HAL_TIMEx_BreakCallback                  0x08002d7f   Thumb Code     2  stm32h7xx_hal_tim_ex.o(i.HAL_TIMEx_BreakCallback)
    HAL_TIMEx_CommutationCallback            0x08002d81   Thumb Code     2  stm32h7xx_hal_tim_ex.o(i.HAL_TIMEx_CommutationCallback)
    HAL_TIMEx_MasterConfigSynchronization    0x08002d85   Thumb Code    78  stm32h7xx_hal_tim_ex.o(i.HAL_TIMEx_MasterConfigSynchronization)
    HAL_TIM_Base_Init                        0x08002ddd   Thumb Code    54  stm32h7xx_hal_tim.o(i.HAL_TIM_Base_Init)
    HAL_TIM_Base_MspInit                     0x08002e13   Thumb Code     2  stm32h7xx_hal_tim.o(i.HAL_TIM_Base_MspInit)
    HAL_TIM_Base_Start_IT                    0x08002e15   Thumb Code    24  stm32h7xx_hal_tim.o(i.HAL_TIM_Base_Start_IT)
    HAL_TIM_IC_CaptureCallback               0x08002e2d   Thumb Code     2  stm32h7xx_hal_tim.o(i.HAL_TIM_IC_CaptureCallback)
    HAL_TIM_IRQHandler                       0x08002e2f   Thumb Code   384  stm32h7xx_hal_tim.o(i.HAL_TIM_IRQHandler)
    HAL_TIM_MspPostInit                      0x08002fb1   Thumb Code    68  tim.o(i.HAL_TIM_MspPostInit)
    HAL_TIM_OC_DelayElapsedCallback          0x08003001   Thumb Code     2  stm32h7xx_hal_tim.o(i.HAL_TIM_OC_DelayElapsedCallback)
    HAL_TIM_PWM_ConfigChannel                0x08003003   Thumb Code   296  stm32h7xx_hal_tim.o(i.HAL_TIM_PWM_ConfigChannel)
    HAL_TIM_PWM_Init                         0x0800312b   Thumb Code    54  stm32h7xx_hal_tim.o(i.HAL_TIM_PWM_Init)
    HAL_TIM_PWM_MspInit                      0x08003161   Thumb Code    30  tim.o(i.HAL_TIM_PWM_MspInit)
    HAL_TIM_PWM_PulseFinishedCallback        0x08003189   Thumb Code     2  stm32h7xx_hal_tim.o(i.HAL_TIM_PWM_PulseFinishedCallback)
    HAL_TIM_PWM_Start                        0x0800318d   Thumb Code    66  stm32h7xx_hal_tim.o(i.HAL_TIM_PWM_Start)
    HAL_TIM_PeriodElapsedCallback            0x080031e5   Thumb Code    38  bsp_basic_tim.o(i.HAL_TIM_PeriodElapsedCallback)
    HAL_TIM_TriggerCallback                  0x08003219   Thumb Code     2  stm32h7xx_hal_tim.o(i.HAL_TIM_TriggerCallback)
    HAL_UARTEx_WakeupCallback                0x0800321b   Thumb Code     2  stm32h7xx_hal_uart_ex.o(i.HAL_UARTEx_WakeupCallback)
    HAL_UART_ErrorCallback                   0x0800321d   Thumb Code     2  stm32h7xx_hal_uart.o(i.HAL_UART_ErrorCallback)
    HAL_UART_IRQHandler                      0x08003221   Thumb Code   374  stm32h7xx_hal_uart.o(i.HAL_UART_IRQHandler)
    HAL_UART_Init                            0x080033a1   Thumb Code   106  stm32h7xx_hal_uart.o(i.HAL_UART_Init)
    HAL_UART_MspInit                         0x0800340d   Thumb Code   204  usart.o(i.HAL_UART_MspInit)
    HAL_UART_Receive_IT                      0x08003505   Thumb Code   166  stm32h7xx_hal_uart.o(i.HAL_UART_Receive_IT)
    HAL_UART_RxCpltCallback                  0x080035ad   Thumb Code   316  main.o(i.HAL_UART_RxCpltCallback)
    HAL_UART_Transmit                        0x0800373d   Thumb Code   178  stm32h7xx_hal_uart.o(i.HAL_UART_Transmit)
    HAL_UART_TxCpltCallback                  0x080037ef   Thumb Code     2  stm32h7xx_hal_uart.o(i.HAL_UART_TxCpltCallback)
    HardFault_Handler                        0x080037f1   Thumb Code     2  stm32h7xx_it.o(i.HardFault_Handler)
    I2C_EE_Init                              0x080037f3   Thumb Code    14  i2c.o(i.I2C_EE_Init)
    I2C_Read                                 0x08003961   Thumb Code    28  i2c.o(i.I2C_Read)
    I2C_Write                                0x08003b85   Thumb Code    52  i2c.o(i.I2C_Write)
    Key1Callback                             0x08003bbd   Thumb Code    22  main.o(i.Key1Callback)
    Key2Callback                             0x08003bd9   Thumb Code    22  main.o(i.Key2Callback)
    Key3Callback                             0x08003bf5   Thumb Code    76  main.o(i.Key3Callback)
    Key4Callback                             0x08003c49   Thumb Code    60  main.o(i.Key4Callback)
    LCD_Clear                                0x08003c89   Thumb Code   154  lcd.o(i.LCD_Clear)
    LCD_Initializtion                        0x08003e69   Thumb Code  6068  lcd.o(i.LCD_Initializtion)
    LCD_ReadReg                              0x0800561d   Thumb Code    12  lcd.o(i.LCD_ReadReg)
    LCD_Scan_Dir                             0x0800562d   Thumb Code    70  lcd.o(i.LCD_Scan_Dir)
    LCD_SetPoint                             0x080056ed   Thumb Code    76  lcd.o(i.LCD_SetPoint)
    LCD_Show                                 0x08005741   Thumb Code    62  main.o(i.LCD_Show)
    LCD_WriteReg                             0x08005785   Thumb Code    12  lcd.o(i.LCD_WriteReg)
    MPU_Config                               0x08005795   Thumb Code    96  main.o(i.MPU_Config)
    MX_GPIO_Init                             0x080057fd   Thumb Code   116  main.o(i.MX_GPIO_Init)
    MX_RTC_Init                              0x0800587d   Thumb Code   156  rtc.o(i.MX_RTC_Init)
    MX_Set_Alarm                             0x08005949   Thumb Code    94  main.o(i.MX_Set_Alarm)
    MX_TIM3_Init                             0x080059b1   Thumb Code   140  tim.o(i.MX_TIM3_Init)
    MX_USART1_UART_Init                      0x08005a55   Thumb Code    64  usart.o(i.MX_USART1_UART_Init)
    MX_USART3_UART_Init                      0x08005aad   Thumb Code    64  usart.o(i.MX_USART3_UART_Init)
    MemManage_Handler                        0x08005b05   Thumb Code     2  stm32h7xx_it.o(i.MemManage_Handler)
    ModifyBrightness                         0x08005b09   Thumb Code    34  main.o(i.ModifyBrightness)
    NMI_Handler                              0x08005b35   Thumb Code     2  stm32h7xx_it.o(i.NMI_Handler)
    PendSV_Handler                           0x08005b5d   Thumb Code     2  stm32h7xx_it.o(i.PendSV_Handler)
    PutChar                                  0x08005b5f   Thumb Code    82  lcd.o(i.PutChar)
    RTC_Alarm_IRQHandler                     0x08005d41   Thumb Code    24  stm32h7xx_it.o(i.RTC_Alarm_IRQHandler)
    RTC_Bcd2ToByte                           0x08005d5d   Thumb Code    18  stm32h7xx_hal_rtc.o(i.RTC_Bcd2ToByte)
    RTC_ByteToBcd2                           0x08005d6f   Thumb Code    22  stm32h7xx_hal_rtc.o(i.RTC_ByteToBcd2)
    RTC_EnterInitMode                        0x08005d85   Thumb Code    56  stm32h7xx_hal_rtc.o(i.RTC_EnterInitMode)
    SVC_Handler                              0x08005dbd   Thumb Code     2  stm32h7xx_it.o(i.SVC_Handler)
    SysTick_Handler                          0x08005dbf   Thumb Code     4  stm32h7xx_it.o(i.SysTick_Handler)
    SystemClock_Config                       0x08005dc5   Thumb Code   196  main.o(i.SystemClock_Config)
    SystemInit                               0x08005e91   Thumb Code   116  system_stm32h7xx.o(i.SystemInit)
    TIM6_DAC_IRQHandler                      0x08005f15   Thumb Code     6  stm32h7xx_it.o(i.TIM6_DAC_IRQHandler)
    TIM_Base_SetConfig                       0x08005f21   Thumb Code   160  stm32h7xx_hal_tim.o(i.TIM_Base_SetConfig)
    TIM_Basic_Init                           0x08005fe1   Thumb Code    68  bsp_basic_tim.o(i.TIM_Basic_Init)
    TIM_CCxChannelCmd                        0x08006031   Thumb Code    22  stm32h7xx_hal_tim.o(i.TIM_CCxChannelCmd)
    TIM_OC1_SetConfig                        0x08006049   Thumb Code   132  stm32h7xx_hal_tim.o(i.TIM_OC1_SetConfig)
    TIM_OC2_SetConfig                        0x080060e5   Thumb Code   120  stm32h7xx_hal_tim.o(i.TIM_OC2_SetConfig)
    TIM_OC3_SetConfig                        0x08006175   Thumb Code   114  stm32h7xx_hal_tim.o(i.TIM_OC3_SetConfig)
    TIM_OC4_SetConfig                        0x080061fd   Thumb Code    88  stm32h7xx_hal_tim.o(i.TIM_OC4_SetConfig)
    UART_AdvFeatureConfig                    0x08006341   Thumb Code   200  stm32h7xx_hal_uart.o(i.UART_AdvFeatureConfig)
    UART_CheckIdleState                      0x08006409   Thumb Code    92  stm32h7xx_hal_uart.o(i.UART_CheckIdleState)
    UART_SetConfig                           0x0800650d   Thumb Code  1186  stm32h7xx_hal_uart.o(i.UART_SetConfig)
    UART_WaitOnFlagUntilTimeout              0x08006a29   Thumb Code    98  stm32h7xx_hal_uart.o(i.UART_WaitOnFlagUntilTimeout)
    USART1_IRQHandler                        0x08006a8d   Thumb Code    18  stm32h7xx_it.o(i.USART1_IRQHandler)
    USART3_IRQHandler                        0x08006ab9   Thumb Code    18  stm32h7xx_it.o(i.USART3_IRQHandler)
    UsageFault_Handler                       0x08006ae5   Thumb Code     2  stm32h7xx_it.o(i.UsageFault_Handler)
    _Error_Handler                           0x08006ae7   Thumb Code     2  main.o(i._Error_Handler)
    __0printf                                0x08006ae9   Thumb Code    22  printfa.o(i.__0printf)
    __1printf                                0x08006ae9   Thumb Code     0  printfa.o(i.__0printf)
    __2printf                                0x08006ae9   Thumb Code     0  printfa.o(i.__0printf)
    __c89printf                              0x08006ae9   Thumb Code     0  printfa.o(i.__0printf)
    printf                                   0x08006ae9   Thumb Code     0  printfa.o(i.__0printf)
    __0sprintf                               0x08006b09   Thumb Code    34  printfa.o(i.__0sprintf)
    __1sprintf                               0x08006b09   Thumb Code     0  printfa.o(i.__0sprintf)
    __2sprintf                               0x08006b09   Thumb Code     0  printfa.o(i.__0sprintf)
    __c89sprintf                             0x08006b09   Thumb Code     0  printfa.o(i.__0sprintf)
    sprintf                                  0x08006b09   Thumb Code     0  printfa.o(i.__0sprintf)
    __scatterload_copy                       0x08006b51   Thumb Code    14  handlers.o(i.__scatterload_copy)
    __scatterload_null                       0x08006b5f   Thumb Code     2  handlers.o(i.__scatterload_null)
    __scatterload_zeroinit                   0x08006b61   Thumb Code    14  handlers.o(i.__scatterload_zeroinit)
    fputc                                    0x08007405   Thumb Code    20  usart.o(i.fputc)
    initISL29023                             0x0800741d   Thumb Code    44  main.o(i.initISL29023)
    main                                     0x08007449   Thumb Code   286  main.o(i.main)
    readtemp                                 0x08007735   Thumb Code    44  main.o(i.readtemp)
    D1CorePrescTable                         0x08007d68   Data          16  system_stm32h7xx.o(.constdata)
    Region$$Table$$Base                      0x08007d78   Number         0  anon$$obj.o(Region$$Table)
    Region$$Table$$Limit                     0x08007d98   Number         0  anon$$obj.o(Region$$Table)
    USARTFLAG1                               0x24000000   Data           1  main.o(.data)
    mode                                     0x24000001   Data           1  main.o(.data)
    sensor                                   0x24000002   Data           1  main.o(.data)
    ch                                       0x24000003   Data           1  main.o(.data)
    ch_arduino                               0x24000004   Data           1  main.o(.data)
    led_brightness                           0x24000006   Data           2  main.o(.data)
    isl_num                                  0x24000008   Data           4  main.o(.data)
    arduino_num                              0x2400000c   Data           4  main.o(.data)
    str                                      0x24000010   Data         495  main.o(.data)
    DeviceCode                               0x24000202   Data           2  lcd.o(.data)
    SystemCoreClock                          0x24000214   Data           4  system_stm32h7xx.o(.data)
    SystemD2Clock                            0x24000218   Data           4  system_stm32h7xx.o(.data)
    __stdout                                 0x2400021c   Data           4  stdout.o(.data)
    tempbuf                                  0x24000220   Data          50  main.o(.bss)
    salarmstructure                          0x24000254   Data          40  main.o(.bss)
    SRAM_Handler                             0x2400027c   Data          76  lcd.o(.bss)
    htim3                                    0x240002c8   Data          64  tim.o(.bss)
    I2C_Handle                               0x24000308   Data          76  i2c.o(.bss)
    huart1                                   0x24000354   Data         128  usart.o(.bss)
    huart3                                   0x240003d4   Data         128  usart.o(.bss)
    TIM_Base                                 0x24000454   Data          64  bsp_basic_tim.o(.bss)
    hrtc                                     0x24000494   Data          36  rtc.o(.bss)
    __initial_sp                             0x240008b8   Data           0  startup_stm32h743xx.o(STACK)



==============================================================================

Memory Map of the image

  Image Entry point : 0x08000299

  Load Region LR_IROM1 (Base: 0x08000000, Size: 0x00007fb8, Max: 0x00100000, ABSOLUTE, COMPRESSED[0x00007e64])

    Execution Region ER_IROM1 (Exec base: 0x08000000, Load base: 0x08000000, Size: 0x00007d98, Max: 0x00100000, ABSOLUTE)

    Exec Addr    Load Addr    Size         Type   Attr      Idx    E Section Name        Object

    0x08000000   0x08000000   0x00000298   Data   RO            3    RESET               startup_stm32h743xx.o
    0x08000298   0x08000298   0x00000000   Code   RO          804  * .ARM.Collect$$$$00000000  mc_w.l(entry.o)
    0x08000298   0x08000298   0x00000004   Code   RO          946    .ARM.Collect$$$$00000001  mc_w.l(entry2.o)
    0x0800029c   0x0800029c   0x00000004   Code   RO          949    .ARM.Collect$$$$00000004  mc_w.l(entry5.o)
    0x080002a0   0x080002a0   0x00000000   Code   RO          951    .ARM.Collect$$$$00000008  mc_w.l(entry7b.o)
    0x080002a0   0x080002a0   0x00000000   Code   RO          953    .ARM.Collect$$$$0000000A  mc_w.l(entry8b.o)
    0x080002a0   0x080002a0   0x00000008   Code   RO          954    .ARM.Collect$$$$0000000B  mc_w.l(entry9a.o)
    0x080002a8   0x080002a8   0x00000004   Code   RO          961    .ARM.Collect$$$$0000000E  mc_w.l(entry12b.o)
    0x080002ac   0x080002ac   0x00000000   Code   RO          956    .ARM.Collect$$$$0000000F  mc_w.l(entry10a.o)
    0x080002ac   0x080002ac   0x00000000   Code   RO          958    .ARM.Collect$$$$00000011  mc_w.l(entry11a.o)
    0x080002ac   0x080002ac   0x00000004   Code   RO          947    .ARM.Collect$$$$00002712  mc_w.l(entry2.o)
    0x080002b0   0x080002b0   0x00000024   Code   RO            4    .text               startup_stm32h743xx.o
    0x080002d4   0x080002d4   0x00000062   Code   RO          807    .text               mc_w.l(uldiv.o)
    0x08000336   0x08000336   0x00000040   Code   RO          809    .text               mc_w.l(memmovea.o)
    0x08000376   0x08000376   0x00000024   Code   RO          810    .text               mc_w.l(memseta.o)
    0x0800039a   0x0800039a   0x0000000e   Code   RO          811    .text               mc_w.l(strlen.o)
    0x080003a8   0x080003a8   0x0000001c   Code   RO          812    .text               mc_w.l(strcmp.o)
    0x080003c4   0x080003c4   0x0000002c   Code   RO          963    .text               mc_w.l(uidiv.o)
    0x080003f0   0x080003f0   0x0000001e   Code   RO          964    .text               mc_w.l(llshl.o)
    0x0800040e   0x0800040e   0x00000020   Code   RO          965    .text               mc_w.l(llushr.o)
    0x0800042e   0x0800042e   0x00000000   Code   RO          966    .text               mc_w.l(iusefp.o)
    0x0800042e   0x0800042e   0x0000014e   Code   RO          967    .text               mf_w.l(dadd.o)
    0x0800057c   0x0800057c   0x000000e4   Code   RO          968    .text               mf_w.l(dmul.o)
    0x08000660   0x08000660   0x000000de   Code   RO          969    .text               mf_w.l(ddiv.o)
    0x0800073e   0x0800073e   0x00000030   Code   RO          970    .text               mf_w.l(dfixul.o)
    0x0800076e   0x0800076e   0x00000002   PAD
    0x08000770   0x08000770   0x00000030   Code   RO          971    .text               mf_w.l(cdrcmple.o)
    0x080007a0   0x080007a0   0x00000024   Code   RO          972    .text               mc_w.l(init.o)
    0x080007c4   0x080007c4   0x00000024   Code   RO          973    .text               mc_w.l(llsshr.o)
    0x080007e8   0x080007e8   0x000000ba   Code   RO          974    .text               mf_w.l(depilogue.o)
    0x080008a2   0x080008a2   0x00000056   Code   RO          980    .text               mc_w.l(__dczerorl2.o)
    0x080008f8   0x080008f8   0x00000002   Code   RO           38    i.BusFault_Handler  stm32h7xx_it.o
    0x080008fa   0x080008fa   0x00000002   Code   RO           39    i.DebugMon_Handler  stm32h7xx_it.o
    0x080008fc   0x080008fc   0x0000001a   Code   RO           40    i.EXTI0_IRQHandler  stm32h7xx_it.o
    0x08000916   0x08000916   0x0000001a   Code   RO           41    i.EXTI2_IRQHandler  stm32h7xx_it.o
    0x08000930   0x08000930   0x0000001a   Code   RO           42    i.EXTI3_IRQHandler  stm32h7xx_it.o
    0x0800094a   0x0800094a   0x0000001a   Code   RO           43    i.EXTI4_IRQHandler  stm32h7xx_it.o
    0x08000964   0x08000964   0x000000d4   Code   RO          118    i.EXTI_Key_Config   key.o
    0x08000a38   0x08000a38   0x00000040   Code   RO          674    i.FMC_NORSRAM_Extended_Timing_Init  stm32h7xx_ll_fmc.o
    0x08000a78   0x08000a78   0x00000078   Code   RO          675    i.FMC_NORSRAM_Init  stm32h7xx_ll_fmc.o
    0x08000af0   0x08000af0   0x0000005c   Code   RO          676    i.FMC_NORSRAM_Timing_Init  stm32h7xx_ll_fmc.o
    0x08000b4c   0x08000b4c   0x00000046   Code   RO           70    i.GUI_Text          lcd.o
    0x08000b92   0x08000b92   0x00000002   PAD
    0x08000b94   0x08000b94   0x00000014   Code   RO           59    i.GetASCIICode      asciilib.o
    0x08000ba8   0x08000ba8   0x00000094   Code   RO          760    i.HAL_DMA_Abort_IT  stm32h7xx_hal_dma.o
    0x08000c3c   0x08000c3c   0x00000024   Code   RO          445    i.HAL_Delay         stm32h7xx_hal.o
    0x08000c60   0x08000c60   0x000001e8   Code   RO          368    i.HAL_GPIO_Init     stm32h7xx_hal_gpio.o
    0x08000e48   0x08000e48   0x0000000a   Code   RO          372    i.HAL_GPIO_WritePin  stm32h7xx_hal_gpio.o
    0x08000e52   0x08000e52   0x00000002   PAD
    0x08000e54   0x08000e54   0x0000000c   Code   RO          461    i.HAL_GetTick       stm32h7xx_hal.o
    0x08000e60   0x08000e60   0x00000056   Code   RO          567    i.HAL_I2CEx_ConfigAnalogFilter  stm32h7xx_hal_i2c_ex.o
    0x08000eb6   0x08000eb6   0x00000006   Code   RO          501    i.HAL_I2C_GetState  stm32h7xx_hal_i2c.o
    0x08000ebc   0x08000ebc   0x000000b8   Code   RO          502    i.HAL_I2C_Init      stm32h7xx_hal_i2c.o
    0x08000f74   0x08000f74   0x00000170   Code   RO          518    i.HAL_I2C_Mem_Read  stm32h7xx_hal_i2c.o
    0x080010e4   0x080010e4   0x00000168   Code   RO          521    i.HAL_I2C_Mem_Write  stm32h7xx_hal_i2c.o
    0x0800124c   0x0800124c   0x00000002   Code   RO          525    i.HAL_I2C_MspInit   stm32h7xx_hal_i2c.o
    0x0800124e   0x0800124e   0x00000002   PAD
    0x08001250   0x08001250   0x00000010   Code   RO          464    i.HAL_IncTick       stm32h7xx_hal.o
    0x08001260   0x08001260   0x0000001c   Code   RO          465    i.HAL_Init          stm32h7xx_hal.o
    0x0800127c   0x0800127c   0x00000040   Code   RO          466    i.HAL_InitTick      stm32h7xx_hal.o
    0x080012bc   0x080012bc   0x00000054   Code   RO          149    i.HAL_MPU_ConfigRegion  stm32h7xx_hal_cortex.o
    0x08001310   0x08001310   0x00000070   Code   RO           58    i.HAL_MspInit       stm32h7xx_hal_msp.o
    0x08001380   0x08001380   0x0000001a   Code   RO          152    i.HAL_NVIC_EnableIRQ  stm32h7xx_hal_cortex.o
    0x0800139a   0x0800139a   0x00000002   PAD
    0x0800139c   0x0800139c   0x00000040   Code   RO          158    i.HAL_NVIC_SetPriority  stm32h7xx_hal_cortex.o
    0x080013dc   0x080013dc   0x00000024   Code   RO          159    i.HAL_NVIC_SetPriorityGrouping  stm32h7xx_hal_cortex.o
    0x08001400   0x08001400   0x00000034   Code   RO          349    i.HAL_RCCEx_GetD1SysClockFreq  stm32h7xx_hal_rcc_ex.o
    0x08001434   0x08001434   0x0000002c   Code   RO          350    i.HAL_RCCEx_GetD3PCLK1Freq  stm32h7xx_hal_rcc_ex.o
    0x08001460   0x08001460   0x000000fc   Code   RO          352    i.HAL_RCCEx_GetPLL2ClockFreq  stm32h7xx_hal_rcc_ex.o
    0x0800155c   0x0800155c   0x000000fc   Code   RO          353    i.HAL_RCCEx_GetPLL3ClockFreq  stm32h7xx_hal_rcc_ex.o
    0x08001658   0x08001658   0x0000098c   Code   RO          357    i.HAL_RCCEx_PeriphCLKConfig  stm32h7xx_hal_rcc_ex.o
    0x08001fe4   0x08001fe4   0x000001d8   Code   RO          322    i.HAL_RCC_ClockConfig  stm32h7xx_hal_rcc.o
    0x080021bc   0x080021bc   0x00000034   Code   RO          326    i.HAL_RCC_GetHCLKFreq  stm32h7xx_hal_rcc.o
    0x080021f0   0x080021f0   0x0000002c   Code   RO          328    i.HAL_RCC_GetPCLK1Freq  stm32h7xx_hal_rcc.o
    0x0800221c   0x0800221c   0x0000002c   Code   RO          329    i.HAL_RCC_GetPCLK2Freq  stm32h7xx_hal_rcc.o
    0x08002248   0x08002248   0x000000f4   Code   RO          330    i.HAL_RCC_GetSysClockFreq  stm32h7xx_hal_rcc.o
    0x0800233c   0x0800233c   0x00000498   Code   RO          333    i.HAL_RCC_OscConfig  stm32h7xx_hal_rcc.o
    0x080027d4   0x080027d4   0x00000024   Code   RO            8    i.HAL_RTCEx_AlarmBEventCallback  main.o
    0x080027f8   0x080027f8   0x00000024   Code   RO            9    i.HAL_RTC_AlarmAEventCallback  main.o
    0x0800281c   0x0800281c   0x00000058   Code   RO          692    i.HAL_RTC_AlarmIRQHandler  stm32h7xx_hal_rtc.o
    0x08002874   0x08002874   0x000000a8   Code   RO          699    i.HAL_RTC_Init      stm32h7xx_hal_rtc.o
    0x0800291c   0x0800291c   0x0000001c   Code   RO          142    i.HAL_RTC_MspInit   rtc.o
    0x08002938   0x08002938   0x0000019a   Code   RO          704    i.HAL_RTC_SetAlarm_IT  stm32h7xx_hal_rtc.o
    0x08002ad2   0x08002ad2   0x00000002   PAD
    0x08002ad4   0x08002ad4   0x000000d8   Code   RO          705    i.HAL_RTC_SetDate   stm32h7xx_hal_rtc.o
    0x08002bac   0x08002bac   0x000000f8   Code   RO          706    i.HAL_RTC_SetTime   stm32h7xx_hal_rtc.o
    0x08002ca4   0x08002ca4   0x00000034   Code   RO          707    i.HAL_RTC_WaitForSynchro  stm32h7xx_hal_rtc.o
    0x08002cd8   0x08002cd8   0x00000064   Code   RO          650    i.HAL_SRAM_Init     stm32h7xx_hal_sram.o
    0x08002d3c   0x08002d3c   0x00000002   Code   RO          652    i.HAL_SRAM_MspInit  stm32h7xx_hal_sram.o
    0x08002d3e   0x08002d3e   0x00000018   Code   RO          161    i.HAL_SYSTICK_CLKSourceConfig  stm32h7xx_hal_cortex.o
    0x08002d56   0x08002d56   0x00000028   Code   RO          163    i.HAL_SYSTICK_Config  stm32h7xx_hal_cortex.o
    0x08002d7e   0x08002d7e   0x00000002   Code   RO          278    i.HAL_TIMEx_BreakCallback  stm32h7xx_hal_tim_ex.o
    0x08002d80   0x08002d80   0x00000002   Code   RO          279    i.HAL_TIMEx_CommutationCallback  stm32h7xx_hal_tim_ex.o
    0x08002d82   0x08002d82   0x00000002   PAD
    0x08002d84   0x08002d84   0x00000058   Code   RO          297    i.HAL_TIMEx_MasterConfigSynchronization  stm32h7xx_hal_tim_ex.o
    0x08002ddc   0x08002ddc   0x00000036   Code   RO          171    i.HAL_TIM_Base_Init  stm32h7xx_hal_tim.o
    0x08002e12   0x08002e12   0x00000002   Code   RO          173    i.HAL_TIM_Base_MspInit  stm32h7xx_hal_tim.o
    0x08002e14   0x08002e14   0x00000018   Code   RO          176    i.HAL_TIM_Base_Start_IT  stm32h7xx_hal_tim.o
    0x08002e2c   0x08002e2c   0x00000002   Code   RO          200    i.HAL_TIM_IC_CaptureCallback  stm32h7xx_hal_tim.o
    0x08002e2e   0x08002e2e   0x00000180   Code   RO          213    i.HAL_TIM_IRQHandler  stm32h7xx_hal_tim.o
    0x08002fae   0x08002fae   0x00000002   PAD
    0x08002fb0   0x08002fb0   0x00000050   Code   RO           97    i.HAL_TIM_MspPostInit  tim.o
    0x08003000   0x08003000   0x00000002   Code   RO          216    i.HAL_TIM_OC_DelayElapsedCallback  stm32h7xx_hal_tim.o
    0x08003002   0x08003002   0x00000128   Code   RO          237    i.HAL_TIM_PWM_ConfigChannel  stm32h7xx_hal_tim.o
    0x0800312a   0x0800312a   0x00000036   Code   RO          240    i.HAL_TIM_PWM_Init  stm32h7xx_hal_tim.o
    0x08003160   0x08003160   0x00000028   Code   RO           99    i.HAL_TIM_PWM_MspInit  tim.o
    0x08003188   0x08003188   0x00000002   Code   RO          243    i.HAL_TIM_PWM_PulseFinishedCallback  stm32h7xx_hal_tim.o
    0x0800318a   0x0800318a   0x00000002   PAD
    0x0800318c   0x0800318c   0x00000058   Code   RO          244    i.HAL_TIM_PWM_Start  stm32h7xx_hal_tim.o
    0x080031e4   0x080031e4   0x00000034   Code   RO          134    i.HAL_TIM_PeriodElapsedCallback  bsp_basic_tim.o
    0x08003218   0x08003218   0x00000002   Code   RO          254    i.HAL_TIM_TriggerCallback  stm32h7xx_hal_tim.o
    0x0800321a   0x0800321a   0x00000002   Code   RO          642    i.HAL_UARTEx_WakeupCallback  stm32h7xx_hal_uart_ex.o
    0x0800321c   0x0800321c   0x00000002   Code   RO          598    i.HAL_UART_ErrorCallback  stm32h7xx_hal_uart.o
    0x0800321e   0x0800321e   0x00000002   PAD
    0x08003220   0x08003220   0x00000180   Code   RO          601    i.HAL_UART_IRQHandler  stm32h7xx_hal_uart.o
    0x080033a0   0x080033a0   0x0000006a   Code   RO          602    i.HAL_UART_Init     stm32h7xx_hal_uart.o
    0x0800340a   0x0800340a   0x00000002   PAD
    0x0800340c   0x0800340c   0x000000f8   Code   RO          126    i.HAL_UART_MspInit  usart.o
    0x08003504   0x08003504   0x000000a6   Code   RO          607    i.HAL_UART_Receive_IT  stm32h7xx_hal_uart.o
    0x080035aa   0x080035aa   0x00000002   PAD
    0x080035ac   0x080035ac   0x00000190   Code   RO           10    i.HAL_UART_RxCpltCallback  main.o
    0x0800373c   0x0800373c   0x000000b2   Code   RO          610    i.HAL_UART_Transmit  stm32h7xx_hal_uart.o
    0x080037ee   0x080037ee   0x00000002   Code   RO          613    i.HAL_UART_TxCpltCallback  stm32h7xx_hal_uart.o
    0x080037f0   0x080037f0   0x00000002   Code   RO           44    i.HardFault_Handler  stm32h7xx_it.o
    0x080037f2   0x080037f2   0x0000000e   Code   RO          108    i.I2C_EE_Init       i2c.o
    0x08003800   0x08003800   0x00000022   Code   RO          544    i.I2C_Flush_TXDR    stm32h7xx_hal_i2c.o
    0x08003822   0x08003822   0x00000002   PAD
    0x08003824   0x08003824   0x00000084   Code   RO          110    i.I2C_GPIO_Config   i2c.o
    0x080038a8   0x080038a8   0x0000007c   Code   RO          552    i.I2C_IsAcknowledgeFailed  stm32h7xx_hal_i2c.o
    0x08003924   0x08003924   0x0000003c   Code   RO          111    i.I2C_Mode_Config   i2c.o
    0x08003960   0x08003960   0x00000020   Code   RO          112    i.I2C_Read          i2c.o
    0x08003980   0x08003980   0x00000070   Code   RO          555    i.I2C_RequestMemoryRead  stm32h7xx_hal_i2c.o
    0x080039f0   0x080039f0   0x00000070   Code   RO          556    i.I2C_RequestMemoryWrite  stm32h7xx_hal_i2c.o
    0x08003a60   0x08003a60   0x0000002c   Code   RO          559    i.I2C_TransferConfig  stm32h7xx_hal_i2c.o
    0x08003a8c   0x08003a8c   0x00000052   Code   RO          560    i.I2C_WaitOnFlagUntilTimeout  stm32h7xx_hal_i2c.o
    0x08003ade   0x08003ade   0x00000050   Code   RO          562    i.I2C_WaitOnSTOPFlagUntilTimeout  stm32h7xx_hal_i2c.o
    0x08003b2e   0x08003b2e   0x00000054   Code   RO          563    i.I2C_WaitOnTXISFlagUntilTimeout  stm32h7xx_hal_i2c.o
    0x08003b82   0x08003b82   0x00000002   PAD
    0x08003b84   0x08003b84   0x00000038   Code   RO          113    i.I2C_Write         i2c.o
    0x08003bbc   0x08003bbc   0x0000001c   Code   RO           11    i.Key1Callback      main.o
    0x08003bd8   0x08003bd8   0x0000001c   Code   RO           12    i.Key2Callback      main.o
    0x08003bf4   0x08003bf4   0x00000054   Code   RO           13    i.Key3Callback      main.o
    0x08003c48   0x08003c48   0x00000040   Code   RO           14    i.Key4Callback      main.o
    0x08003c88   0x08003c88   0x000000a4   Code   RO           71    i.LCD_Clear         lcd.o
    0x08003d2c   0x08003d2c   0x000000c8   Code   RO           72    i.LCD_CtrlLinesConfig  lcd.o
    0x08003df4   0x08003df4   0x00000074   Code   RO           76    i.LCD_FSMCConfig    lcd.o
    0x08003e68   0x08003e68   0x000017b4   Code   RO           78    i.LCD_Initializtion  lcd.o
    0x0800561c   0x0800561c   0x00000010   Code   RO           80    i.LCD_ReadReg       lcd.o
    0x0800562c   0x0800562c   0x00000054   Code   RO           81    i.LCD_Scan_Dir      lcd.o
    0x08005680   0x08005680   0x0000006c   Code   RO           82    i.LCD_SetCursor     lcd.o
    0x080056ec   0x080056ec   0x00000054   Code   RO           83    i.LCD_SetPoint      lcd.o
    0x08005740   0x08005740   0x00000044   Code   RO           15    i.LCD_Show          main.o
    0x08005784   0x08005784   0x00000010   Code   RO           88    i.LCD_WriteReg      lcd.o
    0x08005794   0x08005794   0x00000068   Code   RO           16    i.MPU_Config        main.o
    0x080057fc   0x080057fc   0x00000080   Code   RO           17    i.MX_GPIO_Init      main.o
    0x0800587c   0x0800587c   0x000000cc   Code   RO          143    i.MX_RTC_Init       rtc.o
    0x08005948   0x08005948   0x00000068   Code   RO           18    i.MX_Set_Alarm      main.o
    0x080059b0   0x080059b0   0x000000a4   Code   RO          100    i.MX_TIM3_Init      tim.o
    0x08005a54   0x08005a54   0x00000058   Code   RO          127    i.MX_USART1_UART_Init  usart.o
    0x08005aac   0x08005aac   0x00000058   Code   RO          128    i.MX_USART3_UART_Init  usart.o
    0x08005b04   0x08005b04   0x00000002   Code   RO           45    i.MemManage_Handler  stm32h7xx_it.o
    0x08005b06   0x08005b06   0x00000002   PAD
    0x08005b08   0x08005b08   0x0000002c   Code   RO           19    i.ModifyBrightness  main.o
    0x08005b34   0x08005b34   0x00000002   Code   RO           46    i.NMI_Handler       stm32h7xx_it.o
    0x08005b36   0x08005b36   0x00000002   PAD
    0x08005b38   0x08005b38   0x00000024   Code   RO           20    i.NVIC_SystemReset  main.o
    0x08005b5c   0x08005b5c   0x00000002   Code   RO           47    i.PendSV_Handler    stm32h7xx_it.o
    0x08005b5e   0x08005b5e   0x00000052   Code   RO           89    i.PutChar           lcd.o
    0x08005bb0   0x08005bb0   0x000000c8   Code   RO          360    i.RCCEx_PLL2_Config  stm32h7xx_hal_rcc_ex.o
    0x08005c78   0x08005c78   0x000000c8   Code   RO          361    i.RCCEx_PLL3_Config  stm32h7xx_hal_rcc_ex.o
    0x08005d40   0x08005d40   0x0000001c   Code   RO           48    i.RTC_Alarm_IRQHandler  stm32h7xx_it.o
    0x08005d5c   0x08005d5c   0x00000012   Code   RO          708    i.RTC_Bcd2ToByte    stm32h7xx_hal_rtc.o
    0x08005d6e   0x08005d6e   0x00000016   Code   RO          709    i.RTC_ByteToBcd2    stm32h7xx_hal_rtc.o
    0x08005d84   0x08005d84   0x00000038   Code   RO          710    i.RTC_EnterInitMode  stm32h7xx_hal_rtc.o
    0x08005dbc   0x08005dbc   0x00000002   Code   RO           49    i.SVC_Handler       stm32h7xx_it.o
    0x08005dbe   0x08005dbe   0x00000004   Code   RO           50    i.SysTick_Handler   stm32h7xx_it.o
    0x08005dc2   0x08005dc2   0x00000002   PAD
    0x08005dc4   0x08005dc4   0x000000cc   Code   RO           21    i.SystemClock_Config  main.o
    0x08005e90   0x08005e90   0x00000084   Code   RO          800    i.SystemInit        system_stm32h7xx.o
    0x08005f14   0x08005f14   0x0000000c   Code   RO           51    i.TIM6_DAC_IRQHandler  stm32h7xx_it.o
    0x08005f20   0x08005f20   0x000000c0   Code   RO          255    i.TIM_Base_SetConfig  stm32h7xx_hal_tim.o
    0x08005fe0   0x08005fe0   0x00000050   Code   RO          135    i.TIM_Basic_Init    bsp_basic_tim.o
    0x08006030   0x08006030   0x00000016   Code   RO          256    i.TIM_CCxChannelCmd  stm32h7xx_hal_tim.o
    0x08006046   0x08006046   0x00000002   PAD
    0x08006048   0x08006048   0x0000009c   Code   RO          264    i.TIM_OC1_SetConfig  stm32h7xx_hal_tim.o
    0x080060e4   0x080060e4   0x00000090   Code   RO          265    i.TIM_OC2_SetConfig  stm32h7xx_hal_tim.o
    0x08006174   0x08006174   0x00000088   Code   RO          266    i.TIM_OC3_SetConfig  stm32h7xx_hal_tim.o
    0x080061fc   0x080061fc   0x0000006c   Code   RO          267    i.TIM_OC4_SetConfig  stm32h7xx_hal_tim.o
    0x08006268   0x08006268   0x0000006c   Code   RO          268    i.TIM_OC5_SetConfig  stm32h7xx_hal_tim.o
    0x080062d4   0x080062d4   0x0000006c   Code   RO          269    i.TIM_OC6_SetConfig  stm32h7xx_hal_tim.o
    0x08006340   0x08006340   0x000000c8   Code   RO          615    i.UART_AdvFeatureConfig  stm32h7xx_hal_uart.o
    0x08006408   0x08006408   0x0000005c   Code   RO          616    i.UART_CheckIdleState  stm32h7xx_hal_uart.o
    0x08006464   0x08006464   0x00000014   Code   RO          617    i.UART_DMAAbortOnError  stm32h7xx_hal_uart.o
    0x08006478   0x08006478   0x0000001c   Code   RO          627    i.UART_EndRxTransfer  stm32h7xx_hal_uart.o
    0x08006494   0x08006494   0x00000076   Code   RO          629    i.UART_Receive_IT   stm32h7xx_hal_uart.o
    0x0800650a   0x0800650a   0x00000002   PAD
    0x0800650c   0x0800650c   0x000004a8   Code   RO          630    i.UART_SetConfig    stm32h7xx_hal_uart.o
    0x080069b4   0x080069b4   0x00000074   Code   RO          631    i.UART_Transmit_IT  stm32h7xx_hal_uart.o
    0x08006a28   0x08006a28   0x00000062   Code   RO          632    i.UART_WaitOnFlagUntilTimeout  stm32h7xx_hal_uart.o
    0x08006a8a   0x08006a8a   0x00000002   PAD
    0x08006a8c   0x08006a8c   0x0000002c   Code   RO           52    i.USART1_IRQHandler  stm32h7xx_it.o
    0x08006ab8   0x08006ab8   0x0000002c   Code   RO           53    i.USART3_IRQHandler  stm32h7xx_it.o
    0x08006ae4   0x08006ae4   0x00000002   Code   RO           54    i.UsageFault_Handler  stm32h7xx_it.o
    0x08006ae6   0x08006ae6   0x00000002   Code   RO           22    i._Error_Handler    main.o
    0x08006ae8   0x08006ae8   0x00000020   Code   RO          932    i.__0printf         mc_w.l(printfa.o)
    0x08006b08   0x08006b08   0x00000028   Code   RO          934    i.__0sprintf        mc_w.l(printfa.o)
    0x08006b30   0x08006b30   0x00000020   Code   RO          165    i.__NVIC_SetPriority  stm32h7xx_hal_cortex.o
    0x08006b50   0x08006b50   0x0000000e   Code   RO          977    i.__scatterload_copy  mc_w.l(handlers.o)
    0x08006b5e   0x08006b5e   0x00000002   Code   RO          978    i.__scatterload_null  mc_w.l(handlers.o)
    0x08006b60   0x08006b60   0x0000000e   Code   RO          979    i.__scatterload_zeroinit  mc_w.l(handlers.o)
    0x08006b6e   0x08006b6e   0x00000002   PAD
    0x08006b70   0x08006b70   0x00000184   Code   RO          939    i._fp_digits        mc_w.l(printfa.o)
    0x08006cf4   0x08006cf4   0x000006b4   Code   RO          940    i._printf_core      mc_w.l(printfa.o)
    0x080073a8   0x080073a8   0x00000024   Code   RO          941    i._printf_post_padding  mc_w.l(printfa.o)
    0x080073cc   0x080073cc   0x0000002e   Code   RO          942    i._printf_pre_padding  mc_w.l(printfa.o)
    0x080073fa   0x080073fa   0x0000000a   Code   RO          944    i._sputc            mc_w.l(printfa.o)
    0x08007404   0x08007404   0x00000018   Code   RO          129    i.fputc             usart.o
    0x0800741c   0x0800741c   0x0000002c   Code   RO           23    i.initISL29023      main.o
    0x08007448   0x08007448   0x000002ec   Code   RO           24    i.main              main.o
    0x08007734   0x08007734   0x0000002c   Code   RO           26    i.readtemp          main.o
    0x08007760   0x08007760   0x000005f0   Data   RO           60    .constdata          asciilib.o
    0x08007d50   0x08007d50   0x00000018   Data   RO          633    .constdata          stm32h7xx_hal_uart.o
    0x08007d68   0x08007d68   0x00000010   Data   RO          801    .constdata          system_stm32h7xx.o
    0x08007d78   0x08007d78   0x00000020   Data   RO          975    Region$$Table       anon$$obj.o


    Execution Region RW_IRAM1 (Exec base: 0x20000000, Load base: 0x08007d98, Size: 0x00000000, Max: 0x00020000, ABSOLUTE)

    **** No section assigned to this execution region ****


    Execution Region RW_IRAM2 (Exec base: 0x24000000, Load base: 0x08007d98, Size: 0x000008b8, Max: 0x00050000, ABSOLUTE, COMPRESSED[0x000000cc])

    Exec Addr    Load Addr    Size         Type   Attr      Idx    E Section Name        Object

    0x24000000   COMPRESSED   0x000001ff   Data   RW           34    .data               main.o
    0x240001ff   COMPRESSED   0x00000001   PAD
    0x24000200   COMPRESSED   0x00000004   Data   RW           92    .data               lcd.o
    0x24000204   COMPRESSED   0x00000002   Data   RW          137    .data               bsp_basic_tim.o
    0x24000206   COMPRESSED   0x00000002   PAD
    0x24000208   COMPRESSED   0x0000000c   Data   RW          487    .data               stm32h7xx_hal.o
    0x24000214   COMPRESSED   0x00000004   Data   RW          802    .data               system_stm32h7xx.o
    0x24000218   COMPRESSED   0x00000004   Data   RW          803    .data               system_stm32h7xx.o
    0x2400021c   COMPRESSED   0x00000004   Data   RW          962    .data               mc_w.l(stdout.o)
    0x24000220        -       0x0000005c   Zero   RW           27    .bss                main.o
    0x2400027c        -       0x0000004c   Zero   RW           91    .bss                lcd.o
    0x240002c8        -       0x00000040   Zero   RW          101    .bss                tim.o
    0x24000308        -       0x0000004c   Zero   RW          114    .bss                i2c.o
    0x24000354        -       0x00000100   Zero   RW          130    .bss                usart.o
    0x24000454        -       0x00000040   Zero   RW          136    .bss                bsp_basic_tim.o
    0x24000494        -       0x00000024   Zero   RW          144    .bss                rtc.o
    0x240004b8        -       0x00000400   Zero   RW            1    STACK               startup_stm32h743xx.o


==============================================================================

Image component sizes


      Code (inc. data)   RO Data    RW Data    ZI Data      Debug   Object Name

        20          4       1520          0          0          0   asciilib.o
       132         26          0          2         64          0   bsp_basic_tim.o
       294         30          0          0         76          0   i2c.o
       212         16          0          0          0          0   key.o
      7008        118          0          4         76          0   lcd.o
      2202        662          0        511         92          0   main.o
       232         56          0          0         36          0   rtc.o
        36          8        664          0       1024          0   startup_stm32h743xx.o
       156         24          0         12          0          0   stm32h7xx_hal.o
       306         18          0          0          0          0   stm32h7xx_hal_cortex.o
       148         10          0          0          0          0   stm32h7xx_hal_dma.o
       498         50          0          0          0          0   stm32h7xx_hal_gpio.o
      1592         38          0          0          0          0   stm32h7xx_hal_i2c.o
        86          0          0          0          0          0   stm32h7xx_hal_i2c_ex.o
       112          6          0          0          0          0   stm32h7xx_hal_msp.o
      2032        104          0          0          0          0   stm32h7xx_hal_rcc.o
      3444        146          0          0          0          0   stm32h7xx_hal_rcc_ex.o
      1278         12          0          0          0          0   stm32h7xx_hal_rtc.o
       102          4          0          0          0          0   stm32h7xx_hal_sram.o
      1884        186          0          0          0          0   stm32h7xx_hal_tim.o
        92         10          0          0          0          0   stm32h7xx_hal_tim_ex.o
      2702        122         24          0          0          0   stm32h7xx_hal_uart.o
         2          0          0          0          0          0   stm32h7xx_hal_uart_ex.o
       252         62          0          0          0          0   stm32h7xx_it.o
       276         14          0          0          0          0   stm32h7xx_ll_fmc.o
       132         16         16          8          0          0   system_stm32h7xx.o
       284         46          0          0         64          0   tim.o
       448         96          0          0        256          0   usart.o

    ----------------------------------------------------------------------
     26000       1884       2256        540       1688          0   Object Totals
         0          0         32          0          0          0   (incl. Generated)
        38          0          0          3          0          0   (incl. Padding)

    ----------------------------------------------------------------------

      Code (inc. data)   RO Data    RW Data    ZI Data      Debug   Library Member Name

        86          0          0          0          0          0   __dczerorl2.o
         0          0          0          0          0          0   entry.o
         0          0          0          0          0          0   entry10a.o
         0          0          0          0          0          0   entry11a.o
         4          0          0          0          0          0   entry12b.o
         8          4          0          0          0          0   entry2.o
         4          0          0          0          0          0   entry5.o
         0          0          0          0          0          0   entry7b.o
         0          0          0          0          0          0   entry8b.o
         8          4          0          0          0          0   entry9a.o
        30          0          0          0          0          0   handlers.o
        36          8          0          0          0          0   init.o
         0          0          0          0          0          0   iusefp.o
        30          0          0          0          0          0   llshl.o
        36          0          0          0          0          0   llsshr.o
        32          0          0          0          0          0   llushr.o
        64          0          0          0          0          0   memmovea.o
        36          0          0          0          0          0   memseta.o
      2268         96          0          0          0          0   printfa.o
         0          0          0          4          0          0   stdout.o
        28          0          0          0          0          0   strcmp.o
        14          0          0          0          0          0   strlen.o
        44          0          0          0          0          0   uidiv.o
        98          0          0          0          0          0   uldiv.o
        48          0          0          0          0          0   cdrcmple.o
       334          0          0          0          0          0   dadd.o
       222          0          0          0          0          0   ddiv.o
       186          0          0          0          0          0   depilogue.o
        48          0          0          0          0          0   dfixul.o
       228          0          0          0          0          0   dmul.o

    ----------------------------------------------------------------------
      3896        112          0          4          0          0   Library Totals
         4          0          0          0          0          0   (incl. Padding)

    ----------------------------------------------------------------------

      Code (inc. data)   RO Data    RW Data    ZI Data      Debug   Library Name

      2826        112          0          4          0          0   mc_w.l
      1066          0          0          0          0          0   mf_w.l

    ----------------------------------------------------------------------
      3896        112          0          4          0          0   Library Totals

    ----------------------------------------------------------------------

==============================================================================


      Code (inc. data)   RO Data    RW Data    ZI Data      Debug   

     29896       1996       2256        544       1688          0   Grand Totals
     29896       1996       2256        204       1688          0   ELF Image Totals (compressed)
     29896       1996       2256        204          0          0   ROM Totals

==============================================================================

    Total RO  Size (Code + RO Data)                32152 (  31.40kB)
    Total RW  Size (RW Data + ZI Data)              2232 (   2.18kB)
    Total ROM Size (Code + RO Data + RW Data)      32356 (  31.60kB)

==============================================================================

